Archive member included because of file (symbol)

c:/ed/arduino-1.5.6-r2/hardware/tools/avr/bin/../lib/gcc/avr/4.3.2/../../../../avr/lib/avr5\libm.a(addsf3.o)
                              ./Arduino/Print.o (__subsf3)
c:/ed/arduino-1.5.6-r2/hardware/tools/avr/bin/../lib/gcc/avr/4.3.2/../../../../avr/lib/avr5\libm.a(addsf3x.o)
                              c:/ed/arduino-1.5.6-r2/hardware/tools/avr/bin/../lib/gcc/avr/4.3.2/../../../../avr/lib/avr5\libm.a(addsf3.o) (__addsf3x)
c:/ed/arduino-1.5.6-r2/hardware/tools/avr/bin/../lib/gcc/avr/4.3.2/../../../../avr/lib/avr5\libm.a(cmpsf2.o)
                              ./Arduino/Print.o (__ltsf2)
c:/ed/arduino-1.5.6-r2/hardware/tools/avr/bin/../lib/gcc/avr/4.3.2/../../../../avr/lib/avr5\libm.a(divsf3.o)
                              ./Arduino/Print.o (__divsf3)
c:/ed/arduino-1.5.6-r2/hardware/tools/avr/bin/../lib/gcc/avr/4.3.2/../../../../avr/lib/avr5\libm.a(divsf3x.o)
                              c:/ed/arduino-1.5.6-r2/hardware/tools/avr/bin/../lib/gcc/avr/4.3.2/../../../../avr/lib/avr5\libm.a(divsf3.o) (__divsf3x)
c:/ed/arduino-1.5.6-r2/hardware/tools/avr/bin/../lib/gcc/avr/4.3.2/../../../../avr/lib/avr5\libm.a(fixsfsi.o)
                              ./Arduino/Print.o (__fixsfsi)
c:/ed/arduino-1.5.6-r2/hardware/tools/avr/bin/../lib/gcc/avr/4.3.2/../../../../avr/lib/avr5\libm.a(fixunssfsi.o)
                              ./Arduino/Print.o (__fixunssfsi)
c:/ed/arduino-1.5.6-r2/hardware/tools/avr/bin/../lib/gcc/avr/4.3.2/../../../../avr/lib/avr5\libm.a(floatsisf.o)
                              ./Arduino/Print.o (__floatunsisf)
c:/ed/arduino-1.5.6-r2/hardware/tools/avr/bin/../lib/gcc/avr/4.3.2/../../../../avr/lib/avr5\libm.a(fp_cmp.o)
                              c:/ed/arduino-1.5.6-r2/hardware/tools/avr/bin/../lib/gcc/avr/4.3.2/../../../../avr/lib/avr5\libm.a(cmpsf2.o) (__fp_cmp)
c:/ed/arduino-1.5.6-r2/hardware/tools/avr/bin/../lib/gcc/avr/4.3.2/../../../../avr/lib/avr5\libm.a(fp_inf.o)
                              c:/ed/arduino-1.5.6-r2/hardware/tools/avr/bin/../lib/gcc/avr/4.3.2/../../../../avr/lib/avr5\libm.a(addsf3x.o) (__fp_inf)
c:/ed/arduino-1.5.6-r2/hardware/tools/avr/bin/../lib/gcc/avr/4.3.2/../../../../avr/lib/avr5\libm.a(fp_nan.o)
                              c:/ed/arduino-1.5.6-r2/hardware/tools/avr/bin/../lib/gcc/avr/4.3.2/../../../../avr/lib/avr5\libm.a(addsf3x.o) (__fp_nan)
c:/ed/arduino-1.5.6-r2/hardware/tools/avr/bin/../lib/gcc/avr/4.3.2/../../../../avr/lib/avr5\libm.a(fp_pscA.o)
                              c:/ed/arduino-1.5.6-r2/hardware/tools/avr/bin/../lib/gcc/avr/4.3.2/../../../../avr/lib/avr5\libm.a(addsf3x.o) (__fp_pscA)
c:/ed/arduino-1.5.6-r2/hardware/tools/avr/bin/../lib/gcc/avr/4.3.2/../../../../avr/lib/avr5\libm.a(fp_pscB.o)
                              c:/ed/arduino-1.5.6-r2/hardware/tools/avr/bin/../lib/gcc/avr/4.3.2/../../../../avr/lib/avr5\libm.a(addsf3x.o) (__fp_pscB)
c:/ed/arduino-1.5.6-r2/hardware/tools/avr/bin/../lib/gcc/avr/4.3.2/../../../../avr/lib/avr5\libm.a(fp_round.o)
                              c:/ed/arduino-1.5.6-r2/hardware/tools/avr/bin/../lib/gcc/avr/4.3.2/../../../../avr/lib/avr5\libm.a(addsf3.o) (__fp_round)
c:/ed/arduino-1.5.6-r2/hardware/tools/avr/bin/../lib/gcc/avr/4.3.2/../../../../avr/lib/avr5\libm.a(fp_split3.o)
                              c:/ed/arduino-1.5.6-r2/hardware/tools/avr/bin/../lib/gcc/avr/4.3.2/../../../../avr/lib/avr5\libm.a(addsf3x.o) (__fp_split3)
c:/ed/arduino-1.5.6-r2/hardware/tools/avr/bin/../lib/gcc/avr/4.3.2/../../../../avr/lib/avr5\libm.a(fp_zero.o)
                              c:/ed/arduino-1.5.6-r2/hardware/tools/avr/bin/../lib/gcc/avr/4.3.2/../../../../avr/lib/avr5\libm.a(addsf3x.o) (__fp_zero)
c:/ed/arduino-1.5.6-r2/hardware/tools/avr/bin/../lib/gcc/avr/4.3.2/../../../../avr/lib/avr5\libm.a(gesf2.o)
                              ./Arduino/Print.o (__gtsf2)
c:/ed/arduino-1.5.6-r2/hardware/tools/avr/bin/../lib/gcc/avr/4.3.2/../../../../avr/lib/avr5\libm.a(mulsf3.o)
                              ./Arduino/Print.o (__mulsf3)
c:/ed/arduino-1.5.6-r2/hardware/tools/avr/bin/../lib/gcc/avr/4.3.2/../../../../avr/lib/avr5\libm.a(mulsf3x.o)
                              c:/ed/arduino-1.5.6-r2/hardware/tools/avr/bin/../lib/gcc/avr/4.3.2/../../../../avr/lib/avr5\libm.a(mulsf3.o) (__mulsf3x)
c:/ed/arduino-1.5.6-r2/hardware/tools/avr/bin/../lib/gcc/avr/4.3.2/../../../../avr/lib/avr5\libm.a(unordsf2.o)
                              ./Arduino/Print.o (__unordsf2)
c:/ed/arduino-1.5.6-r2/hardware/tools/avr/bin/../lib/gcc/avr/4.3.2/avr5\libgcc.a(_mulsi3.o)
                              ./Arduino/Print.o (__mulsi3)
c:/ed/arduino-1.5.6-r2/hardware/tools/avr/bin/../lib/gcc/avr/4.3.2/avr5\libgcc.a(_udivmodsi4.o)
                              ./utility/Dhcp.o (__udivmodsi4)
c:/ed/arduino-1.5.6-r2/hardware/tools/avr/bin/../lib/gcc/avr/4.3.2/avr5\libgcc.a(_divmodsi4.o)
                              ./utility/Dhcp.o (__divmodsi4)
[...]
Memory Configuration

Name             Origin             Length             Attributes
text             0x00000000         0x00020000         xr
data             0x00800060         0x0000ffa0         rw !x
eeprom           0x00810000         0x00010000         rw !x
fuse             0x00820000         0x00000400         rw !x
lock             0x00830000         0x00000400         rw !x
signature        0x00840000         0x00000400         rw !x
*default*        0x00000000         0xffffffff

Linker script and memory map

Address of section .data set to 0x800100
LOAD c:/ed/arduino-1.5.6-r2/hardware/tools/avr/bin/../lib/gcc/avr/4.3.2/../../../../avr/lib/avr5/crtm644p.o
LOAD ./utility/Dhcp.o
LOAD ./utility/Dns.o
LOAD ./utility/Ethernet.o
LOAD ./utility/EthernetClient.o
LOAD ./utility/EthernetServer.o
LOAD ./utility/EthernetUdp.o
LOAD ./utility/SPI.o
LOAD ./utility/socket.o
LOAD ./utility/w5100.o
LOAD ./Arduino/avr-libc/malloc.o
LOAD ./Arduino/avr-libc/realloc.o
LOAD ./Arduino/CDC.o
LOAD ./Arduino/HID.o
LOAD ./Arduino/HardwareSerial.o
LOAD ./Arduino/HardwareSerial0.o
LOAD ./Arduino/HardwareSerial1.o
LOAD ./Arduino/HardwareSerial2.o
LOAD ./Arduino/HardwareSerial3.o
LOAD ./Arduino/IPAddress.o
LOAD ./Arduino/Print.o
LOAD ./Arduino/Stream.o
LOAD ./Arduino/Tone.o
LOAD ./Arduino/USBCore.o
LOAD ./Arduino/WInterrupts.o
LOAD ./Arduino/WMath.o
LOAD ./Arduino/WString.o
LOAD ./Arduino/hooks.o
LOAD ./Arduino/main.o
LOAD ./Arduino/new.o
LOAD ./Arduino/wiring.o
LOAD ./Arduino/wiring_analog.o
LOAD ./Arduino/wiring_digital.o
LOAD ./Arduino/wiring_pulse.o
LOAD ./Arduino/wiring_shift.o
LOAD ./main.o
LOAD c:/ed/arduino-1.5.6-r2/hardware/tools/avr/bin/../lib/gcc/avr/4.3.2/../../../../avr/lib/avr5\libm.a
LOAD c:/ed/arduino-1.5.6-r2/hardware/tools/avr/bin/../lib/gcc/avr/4.3.2/avr5\libgcc.a
LOAD c:/ed/arduino-1.5.6-r2/hardware/tools/avr/bin/../lib/gcc/avr/4.3.2/../../../../avr/lib/avr5\libm.a
LOAD c:/ed/arduino-1.5.6-r2/hardware/tools/avr/bin/../lib/gcc/avr/4.3.2/avr5\libgcc.a
LOAD c:/ed/arduino-1.5.6-r2/hardware/tools/avr/bin/../lib/gcc/avr/4.3.2/../../../../avr/lib/avr5\libc.a
LOAD c:/ed/arduino-1.5.6-r2/hardware/tools/avr/bin/../lib/gcc/avr/4.3.2/avr5\libgcc.a

.hash
 *(.hash)

.dynsym
 *(.dynsym)

.dynstr
 *(.dynstr)

.gnu.version
 *(.gnu.version)

.gnu.version_d
 *(.gnu.version_d)

.gnu.version_r
 *(.gnu.version_r)

.rel.init
 *(.rel.init)

.rela.init
 *(.rela.init)

.rel.text
 *(.rel.text)
 *(.rel.text.*)
 *(.rel.gnu.linkonce.t*)

.rela.text
 *(.rela.text)
 *(.rela.text.*)
 *(.rela.gnu.linkonce.t*)

.rel.fini
 *(.rel.fini)

.rela.fini
 *(.rela.fini)

.rel.rodata
 *(.rel.rodata)
 *(.rel.rodata.*)
 *(.rel.gnu.linkonce.r*)

.rela.rodata
 *(.rela.rodata)
 *(.rela.rodata.*)
 *(.rela.gnu.linkonce.r*)

.rel.data
 *(.rel.data)
 *(.rel.data.*)
 *(.rel.gnu.linkonce.d*)

.rela.data
 *(.rela.data)
 *(.rela.data.*)
 *(.rela.gnu.linkonce.d*)

.rel.ctors
 *(.rel.ctors)

.rela.ctors
 *(.rela.ctors)

.rel.dtors
 *(.rel.dtors)

.rela.dtors
 *(.rela.dtors)

.rel.got
 *(.rel.got)

.rela.got
 *(.rela.got)

.rel.bss
 *(.rel.bss)

.rela.bss
 *(.rela.bss)

.rel.plt
 *(.rel.plt)

.rela.plt
 *(.rela.plt)

.text           0x00000000     0x3ac4
 *(.vectors)
 .vectors       0x00000000       0x7c c:/ed/arduino-1.5.6-r2/hardware/tools/avr/bin/../lib/gcc/avr/4.3.2/../../../../avr/lib/avr5/crtm644p.o
                0x00000000                __vectors
                0x00000000                __vector_default
 *(.vectors)
 *(.progmem.gcc*)
 *(.progmem*)
 .progmem.data  0x0000007c        0x1 ./Arduino/Tone.o
 .progmem.data  0x0000007d       0x7e ./Arduino/wiring_digital.o
                0x0000007d                port_to_mode_PGM
                0x0000009b                digital_pin_to_port_PGM
                0x000000bb                digital_pin_to_bit_mask_PGM
                0x00000087                port_to_output_PGM
                0x00000091                port_to_input_PGM
                0x000000db                digital_pin_to_timer_PGM
                0x000000fc                . = ALIGN (0x2)
 *fill*         0x000000fb        0x1 00
                0x000000fc                __trampolines_start = .
 *(.trampolines)
 .trampolines   0x000000fc        0x0 linker stubs
 *(.trampolines*)
                0x000000fc                __trampolines_end = .
 *(.jumptables)
 *(.jumptables*)
 *(.lowtext)
 *(.lowtext*)
                0x000000fc                __ctors_start = .
 *(.ctors)
 .ctors         0x000000fc        0x2 ./utility/Dhcp.o
 .ctors         0x000000fe        0x2 ./utility/Dns.o
 .ctors         0x00000100        0x2 ./utility/Ethernet.o
 .ctors         0x00000102        0x2 ./utility/EthernetClient.o
 .ctors         0x00000104        0x2 ./utility/EthernetServer.o
 .ctors         0x00000106        0x2 ./utility/EthernetUdp.o
 .ctors         0x00000108        0x2 ./Arduino/HardwareSerial0.o
 .ctors         0x0000010a        0x2 ./Arduino/HardwareSerial1.o
 .ctors         0x0000010c        0x2 ./Arduino/IPAddress.o
 .ctors         0x0000010e        0x2 ./main.o
                0x00000110                __ctors_end = .
                0x00000110                __dtors_start = .
 *(.dtors)
                0x00000110                __dtors_end = .
 SORT(*)(.ctors)
 SORT(*)(.dtors)
 *(.init0)
 .init0         0x00000110        0x0 c:/ed/arduino-1.5.6-r2/hardware/tools/avr/bin/../lib/gcc/avr/4.3.2/../../../../avr/lib/avr5/crtm644p.o
                0x00000110                __init
 *(.init0)
 *(.init1)
 *(.init1)
 *(.init2)
 .init2         0x00000110        0xc c:/ed/arduino-1.5.6-r2/hardware/tools/avr/bin/../lib/gcc/avr/4.3.2/../../../../avr/lib/avr5/crtm644p.o
 *(.init2)
 *(.init3)
 *(.init3)
 *(.init4)
 .init4         0x0000011c       0x16 c:/ed/arduino-1.5.6-r2/hardware/tools/avr/bin/../lib/gcc/avr/4.3.2/avr5\libgcc.a(_copy_data.o)
                0x0000011c                __do_copy_data
 .init4         0x00000132       0x10 c:/ed/arduino-1.5.6-r2/hardware/tools/avr/bin/../lib/gcc/avr/4.3.2/avr5\libgcc.a(_clear_bss.o)
                0x00000132                __do_clear_bss
 *(.init4)
 *(.init5)
 *(.init5)
 *(.init6)
 .init6         0x00000142       0x16 c:/ed/arduino-1.5.6-r2/hardware/tools/avr/bin/../lib/gcc/avr/4.3.2/avr5\libgcc.a(_ctors.o)
                0x00000142                __do_global_ctors
 *(.init6)
 *(.init7)
 *(.init7)
 *(.init8)
 *(.init8)
 *(.init9)
 .init9         0x00000158        0x8 c:/ed/arduino-1.5.6-r2/hardware/tools/avr/bin/../lib/gcc/avr/4.3.2/../../../../avr/lib/avr5/crtm644p.o
 *(.init9)
 *(.text)
 .text          0x00000160        0x2 c:/ed/arduino-1.5.6-r2/hardware/tools/avr/bin/../lib/gcc/avr/4.3.2/../../../../avr/lib/avr5/crtm644p.o
                0x00000160                __vector_22
                0x00000160                __vector_24
                0x00000160                __vector_12
                0x00000160                __bad_interrupt
                0x00000160                __vector_6
                0x00000160                __vector_23
                0x00000160                __vector_30
                0x00000160                __vector_25
                0x00000160                __vector_11
                0x00000160                __vector_13
                0x00000160                __vector_17
                0x00000160                __vector_19
                0x00000160                __vector_7
                0x00000160                __vector_27
                0x00000160                __vector_5
                0x00000160                __vector_4
                0x00000160                __vector_15
                0x00000160                __vector_8
                0x00000160                __vector_26
                0x00000160                __vector_14
                0x00000160                __vector_10
                0x00000160                __vector_16
 .text          0x00000162       0xba c:/ed/arduino-1.5.6-r2/hardware/tools/avr/bin/../lib/gcc/avr/4.3.2/../../../../avr/lib/avr5\libc.a(random.o)
                0x00000204                random
                0x00000202                random_r
                0x0000020a                srandom
 .text          0x0000021c       0x1a c:/ed/arduino-1.5.6-r2/hardware/tools/avr/bin/../lib/gcc/avr/4.3.2/../../../../avr/lib/avr5\libc.a(memcmp.o)
                0x0000021c                memcmp
 .text          0x00000236        0xe c:/ed/arduino-1.5.6-r2/hardware/tools/avr/bin/../lib/gcc/avr/4.3.2/../../../../avr/lib/avr5\libc.a(strcpy.o)
                0x00000236                strcpy
                0x00000244                . = ALIGN (0x2)
 *(.text.*)
 .text._ZN9DhcpClass9printByteEPch
                0x00000244       0x26 ./utility/Dhcp.o
                0x00000244                DhcpClass::printByte(char*, unsigned char)
 .text._GLOBAL__I__ZN9DhcpClass13beginWithDHCPEPhmm
                0x0000026a       0x16 ./utility/Dhcp.o
 .text._ZN9DhcpClass14getDnsServerIpEv
                0x00000280       0x16 ./utility/Dhcp.o
                0x00000280                DhcpClass::getDnsServerIp()
 .text._ZN9DhcpClass12getGatewayIpEv
                0x00000296       0x16 ./utility/Dhcp.o
                0x00000296                DhcpClass::getGatewayIp()
 .text._ZN9DhcpClass13getSubnetMaskEv
                0x000002ac       0x16 ./utility/Dhcp.o
                0x000002ac                DhcpClass::getSubnetMask()
 .text._ZN9DhcpClass10getLocalIpEv
                0x000002c2       0x16 ./utility/Dhcp.o
                0x000002c2                DhcpClass::getLocalIp()
 .text._ZN9DhcpClass17parseDHCPResponseEmRm
                0x000002d8      0x4d2 ./utility/Dhcp.o
                0x000002d8                DhcpClass::parseDHCPResponse(unsigned long, unsigned long&)
 .text._ZN9DhcpClass16reset_DHCP_leaseEv
                0x000007aa       0x10 ./utility/Dhcp.o
                0x000007aa                DhcpClass::reset_DHCP_lease()
 .text._ZN9DhcpClass17send_DHCP_MESSAGEEhj
                0x000007ba      0x2a4 ./utility/Dhcp.o
                0x000007ba                DhcpClass::send_DHCP_MESSAGE(unsigned char, unsigned int)
 .text._ZN9DhcpClass18request_DHCP_leaseEv
                0x00000a5e      0x2f6 ./utility/Dhcp.o
                0x00000a5e                DhcpClass::request_DHCP_lease()
 .text._ZN9DhcpClass13beginWithDHCPEPhmm
                0x00000d54       0x92 ./utility/Dhcp.o
                0x00000d54                DhcpClass::beginWithDHCP(unsigned char*, unsigned long, unsigned long)
 .text._ZN9DNSClient5beginERK9IPAddress
                0x00000de6       0x1c ./utility/Dns.o
                0x00000de6                DNSClient::begin(IPAddress const&)
 .text._ZN9DNSClient9inet_atonEPKcR9IPAddress
                0x00000e02       0x8e ./utility/Dns.o
                0x00000e02                DNSClient::inet_aton(char const*, IPAddress&)
 .text._GLOBAL__I__ZN9DNSClient5beginERK9IPAddress
                0x00000e90       0x16 ./utility/Dns.o
 .text._ZN9DNSClient15ProcessResponseEjR9IPAddress
                0x00000ea6      0x2ac ./utility/Dns.o
                0x00000ea6                DNSClient::ProcessResponse(unsigned int, IPAddress&)
 .text._ZN9DNSClient12BuildRequestEPKc
                0x00001152      0x150 ./utility/Dns.o
                0x00001152                DNSClient::BuildRequest(char const*)
 .text._ZN9DNSClient13getHostByNameEPKcR9IPAddress
                0x000012a2      0x11e ./utility/Dns.o
                0x000012a2                DNSClient::getHostByName(char const*, IPAddress&)
 .text._ZN13EthernetClass11dnsServerIPEv
                0x000013c0       0x22 ./utility/Ethernet.o
                0x000013c0                EthernetClass::dnsServerIP()
 .text._GLOBAL__I__ZN13EthernetClass6_stateE
                0x000013e2       0x1e ./utility/Ethernet.o
 .text._ZN13EthernetClass5beginEPh9IPAddressS1_S1_S1_
                0x00001400       0xaa ./utility/Ethernet.o
                0x00001400                EthernetClass::begin(unsigned char*, IPAddress, IPAddress, IPAddress, IPAddress)
 .text._ZN13EthernetClass5beginEPh9IPAddressS1_S1_
                0x000014aa       0xec ./utility/Ethernet.o
                0x000014aa                EthernetClass::begin(unsigned char*, IPAddress, IPAddress, IPAddress)
 .text._ZN13EthernetClass5beginEPh9IPAddressS1_
                0x00001596       0x96 ./utility/Ethernet.o
                0x00001596                EthernetClass::begin(unsigned char*, IPAddress, IPAddress)
 .text._ZN13EthernetClass5beginEPh9IPAddress
                0x0000162c       0x6e ./utility/Ethernet.o
                0x0000162c                EthernetClass::begin(unsigned char*, IPAddress)
 .text._ZN13EthernetClass5beginEPh
                0x0000169a      0x13a ./utility/Ethernet.o
                0x0000169a                EthernetClass::begin(unsigned char*)
 .text._ZN14EthernetClientC1Ev
                0x000017d4       0x24 ./utility/EthernetClient.o
                0x000017d4                EthernetClient::EthernetClient()
 .text._ZN14EthernetClient5writeEh
                0x000017f8       0x30 ./utility/EthernetClient.o
                0x000017f8                EthernetClient::write(unsigned char)
 .text._ZN14EthernetClient5flushEv
                0x00001828       0x2e ./utility/EthernetClient.o
                0x00001828                EthernetClient::flush()
 .text._ZN14EthernetClientcvbEv
                0x00001856       0x10 ./utility/EthernetClient.o
                0x00001856                EthernetClient::operator bool()
 .text._ZN14EthernetClient4sockEv
                0x00001866        0x6 ./utility/EthernetClient.o
                0x00001866                EthernetClient::sock()
 .text._GLOBAL__I__ZN14EthernetClient8_srcportE
                0x0000186c       0x16 ./utility/EthernetClient.o
 .text._ZN14EthernetClient6statusEv
                0x00001882       0x1a ./utility/EthernetClient.o
                0x00001882                EthernetClient::status()
 .text._ZN14EthernetClient9connectedEv
                0x0000189c       0x46 ./utility/EthernetClient.o
                0x0000189c                EthernetClient::connected()
 .text._ZN14EthernetClient4stopEv
                0x000018e2       0x7c ./utility/EthernetClient.o
                0x000018e2                EthernetClient::stop()
 .text._ZN14EthernetClient4peekEv
                0x0000195e       0x48 ./utility/EthernetClient.o
                0x0000195e                EthernetClient::peek()
 .text._ZN14EthernetClient4readEPhj
                0x000019a6        0x6 ./utility/EthernetClient.o
                0x000019a6                EthernetClient::read(unsigned char*, unsigned int)
 .text._ZN14EthernetClient4readEv
                0x000019ac       0x36 ./utility/EthernetClient.o
                0x000019ac                EthernetClient::read()
 .text._ZN14EthernetClient9availableEv
                0x000019e2       0x1a ./utility/EthernetClient.o
                0x000019e2                EthernetClient::available()
 .text._ZN14EthernetClient5writeEPKhj
                0x000019fc       0x3a ./utility/EthernetClient.o
                0x000019fc                EthernetClient::write(unsigned char const*, unsigned int)
 .text._ZN14EthernetClient7connectE9IPAddressj
                0x00001a36       0xe0 ./utility/EthernetClient.o
                0x00001a36                EthernetClient::connect(IPAddress, unsigned int)
 .text._ZN14EthernetClient7connectEPKcj
                0x00001b16       0xd8 ./utility/EthernetClient.o
                0x00001b16                EthernetClient::connect(char const*, unsigned int)
 .text._GLOBAL__I__ZN14EthernetServerC2Ej
                0x00001bee       0x16 ./utility/EthernetServer.o
 .text._ZN11EthernetUDP4readEPcj
                0x00001c04       0x10 ./utility/EthernetUdp.o
                0x00001c04                EthernetUDP::read(char*, unsigned int)
 .text._ZN11EthernetUDP8remoteIPEv
                0x00001c14       0x22 ./utility/EthernetUdp.o
                0x00001c14                EthernetUDP::remoteIP()
 .text._ZN11EthernetUDP10remotePortEv
                0x00001c36        0x8 ./utility/EthernetUdp.o
                0x00001c36                EthernetUDP::remotePort()
 .text._ZN11EthernetUDP9availableEv
                0x00001c3e        0x8 ./utility/EthernetUdp.o
                0x00001c3e                EthernetUDP::available()
 .text._ZN11EthernetUDP5writeEh
                0x00001c46       0x30 ./utility/EthernetUdp.o
                0x00001c46                EthernetUDP::write(unsigned char)
 .text._ZN11EthernetUDP5flushEv
                0x00001c76       0x24 ./utility/EthernetUdp.o
                0x00001c76                EthernetUDP::flush()
 .text._GLOBAL__I__ZN11EthernetUDPC2Ev
                0x00001c9a       0x16 ./utility/EthernetUdp.o
 .text._ZN11EthernetUDP4peekEv
                0x00001cb0       0x34 ./utility/EthernetUdp.o
                0x00001cb0                EthernetUDP::peek()
 .text._ZN11EthernetUDP4readEPhj
                0x00001ce4       0x44 ./utility/EthernetUdp.o
                0x00001ce4                EthernetUDP::read(unsigned char*, unsigned int)
 .text._ZN11EthernetUDP4readEv
                0x00001d28       0x54 ./utility/EthernetUdp.o
                0x00001d28                EthernetUDP::read()
 .text._ZN11EthernetUDP11parsePacketEv
                0x00001d7c       0xa4 ./utility/EthernetUdp.o
                0x00001d7c                EthernetUDP::parsePacket()
 .text._ZN11EthernetUDP5writeEPKhj
                0x00001e20       0x34 ./utility/EthernetUdp.o
                0x00001e20                EthernetUDP::write(unsigned char const*, unsigned int)
 .text._ZN11EthernetUDP9endPacketEv
                0x00001e54        0x6 ./utility/EthernetUdp.o
                0x00001e54                EthernetUDP::endPacket()
 .text._ZN11EthernetUDP11beginPacketE9IPAddressj
                0x00001e5a        0xe ./utility/EthernetUdp.o
                0x00001e5a                EthernetUDP::beginPacket(IPAddress, unsigned int)
 .text._ZN11EthernetUDPC1Ev
                0x00001e68       0x2a ./utility/EthernetUdp.o
                0x00001e68                EthernetUDP::EthernetUDP()
 .text._ZN11EthernetUDP11beginPacketEPKcj
                0x00001e92       0xda ./utility/EthernetUdp.o
                0x00001e92                EthernetUDP::beginPacket(char const*, unsigned int)
 .text._ZN11EthernetUDP4stopEv
                0x00001f6c       0x28 ./utility/EthernetUdp.o
                0x00001f6c                EthernetUDP::stop()
 .text._ZN11EthernetUDP5beginEj
                0x00001f94       0x70 ./utility/EthernetUdp.o
                0x00001f94                EthernetUDP::begin(unsigned int)
 .text._ZN11EthernetUDP14beginMulticastE9IPAddressj
                0x00002004      0x11a ./utility/EthernetUdp.o
                0x00002004                EthernetUDP::beginMulticast(IPAddress, unsigned int)
 .text._ZN8SPIClass5beginEv
                0x0000211e       0x2c ./utility/SPI.o
                0x0000211e                SPIClass::begin()
 .text._Z10disconnecth
                0x0000214a        0xa ./utility/socket.o
                0x0000214a                disconnect(unsigned char)
 .text._ZN10W5500Class8readSnIREh
                0x00002154       0x10 ./utility/socket.o
                0x00002154                W5500Class::readSnIR(unsigned char)
 .text._ZN10W5500Class9writeSnIREhh
                0x00002164       0x12 ./utility/socket.o
                0x00002164                W5500Class::writeSnIR(unsigned char, unsigned char)
 .text._Z7sendUDPh
                0x00002176       0x3c ./utility/socket.o
                0x00002176                sendUDP(unsigned char)
 .text._Z5closeh
                0x000021b2       0x18 ./utility/socket.o
                0x000021b2                close(unsigned char)
 .text._ZN10W5500Class12writeSnDPORTEhj
                0x000021ca       0x2a ./utility/socket.o
                0x000021ca                W5500Class::writeSnDPORT(unsigned char, unsigned int)
 .text._ZN10W5500Class11writeSnPORTEhj
                0x000021f4       0x2a ./utility/socket.o
                0x000021f4                W5500Class::writeSnPORT(unsigned char, unsigned int)
 .text._Z6sockethhjh
                0x0000221e       0x70 ./utility/socket.o
                0x0000221e                socket(unsigned char, unsigned char, unsigned int, unsigned char)
 .text._Z8startUDPhPhj
                0x0000228e       0x58 ./utility/socket.o
                0x0000228e                startUDP(unsigned char, unsigned char*, unsigned int)
 .text._Z7connecthPhj
                0x000022e6       0x74 ./utility/socket.o
                0x000022e6                connect(unsigned char, unsigned char*, unsigned int)
 .text._Z10bufferDatahjPKhj
                0x0000235a       0x5a ./utility/socket.o
                0x0000235a                bufferData(unsigned char, unsigned int, unsigned char const*, unsigned int)
 .text._Z4sendhPKhj
                0x000023b4       0xa2 ./utility/socket.o
                0x000023b4                send(unsigned char, unsigned char const*, unsigned int)
 .text._Z4peekhPh
                0x00002456       0x1c ./utility/socket.o
                0x00002456                peek(unsigned char, unsigned char*)
 .text._Z4recvhPhi
                0x00002472       0x82 ./utility/socket.o
                0x00002472                recv(unsigned char, unsigned char*, int)
 .text._ZN10W5500Class5writeEjhh
                0x000024f4       0x30 ./utility/w5100.o
                0x000024f4                W5500Class::write(unsigned int, unsigned char, unsigned char)
 .text._ZN10W5500Class5writeEjhPKhj
                0x00002524       0x48 ./utility/w5100.o
                0x00002524                W5500Class::write(unsigned int, unsigned char, unsigned char const*, unsigned int)
 .text._ZN10W5500Class4readEjh
                0x0000256c       0x2e ./utility/w5100.o
                0x0000256c                W5500Class::read(unsigned int, unsigned char)
 .text._ZN10W5500Class6readSnEhj
                0x0000259a       0x10 ./utility/w5100.o
                0x0000259a                W5500Class::readSn(unsigned char, unsigned int)
 .text._ZN10W5500Class27send_data_processing_offsetEhjPKhj
                0x000025aa       0x78 ./utility/w5100.o
                0x000025aa                W5500Class::send_data_processing_offset(unsigned char, unsigned int, unsigned char const*, unsigned int)
 .text._ZN10W5500Class20send_data_processingEhPKhj
                0x00002622       0x16 ./utility/w5100.o
                0x00002622                W5500Class::send_data_processing(unsigned char, unsigned char const*, unsigned int)
 .text._ZN10W5500Class12readSnRX_RSREh
                0x00002638       0x28 ./utility/w5100.o
                0x00002638                W5500Class::readSnRX_RSR(unsigned char)
 .text._ZN10W5500Class17getRXReceivedSizeEh
                0x00002660       0x34 ./utility/w5100.o
                0x00002660                W5500Class::getRXReceivedSize(unsigned char)
 .text._ZN10W5500Class12readSnTX_FSREh
                0x00002694       0x28 ./utility/w5100.o
                0x00002694                W5500Class::readSnTX_FSR(unsigned char)
 .text._ZN10W5500Class13getTXFreeSizeEh
                0x000026bc       0x34 ./utility/w5100.o
                0x000026bc                W5500Class::getTXFreeSize(unsigned char)
 .text._ZN10W5500Class4readEjhPhj
                0x000026f0       0x48 ./utility/w5100.o
                0x000026f0                W5500Class::read(unsigned int, unsigned char, unsigned char*, unsigned int)
 .text._ZN10W5500Class9read_dataEhPVhS1_j
                0x00002738       0x1a ./utility/w5100.o
                0x00002738                W5500Class::read_data(unsigned char, unsigned char volatile*, unsigned char volatile*, unsigned int)
 .text._ZN10W5500Class20recv_data_processingEhPhjh
                0x00002752       0x8c ./utility/w5100.o
                0x00002752                W5500Class::recv_data_processing(unsigned char, unsigned char*, unsigned int, unsigned char)
 .text._ZN10W5500Class9execCmdSnEh7SockCMD
                0x000027de       0x22 ./utility/w5100.o
                0x000027de                W5500Class::execCmdSn(unsigned char, SockCMD)
 .text._ZN10W5500Class4initEv
                0x00002800       0x3e ./utility/w5100.o
                0x00002800                W5500Class::init()
 .text.avr-libc
                0x0000283e      0x26a ./Arduino/avr-libc/malloc.o
                0x0000283e                malloc
                0x00002978                free
 .text._ZN14HardwareSerial17_tx_udr_empty_irqEv
                0x00002aa8       0x60 ./Arduino/HardwareSerial.o
                0x00002aa8                HardwareSerial::_tx_udr_empty_irq()
 .text._ZN14HardwareSerial5beginEmh
                0x00002b08       0xb4 ./Arduino/HardwareSerial.o
                0x00002b08                HardwareSerial::begin(unsigned long, unsigned char)
 .text._ZN14HardwareSerial9availableEv
                0x00002bbc       0x18 ./Arduino/HardwareSerial.o
                0x00002bbc                HardwareSerial::available()
 .text._ZN14HardwareSerial4peekEv
                0x00002bd4       0x20 ./Arduino/HardwareSerial.o
                0x00002bd4                HardwareSerial::peek()
 .text._ZN14HardwareSerial4readEv
                0x00002bf4       0x3c ./Arduino/HardwareSerial.o
                0x00002bf4                HardwareSerial::read()
 .text._ZN14HardwareSerial5flushEv
                0x00002c30       0x44 ./Arduino/HardwareSerial.o
                0x00002c30                HardwareSerial::flush()
 .text._ZN14HardwareSerial5writeEh
                0x00002c74       0x7e ./Arduino/HardwareSerial.o
                0x00002c74                HardwareSerial::write(unsigned char)
 .text.__vector_20
                0x00002cf2       0x6c ./Arduino/HardwareSerial0.o
                0x00002cf2                __vector_20
 .text._GLOBAL__I___vector_20
                0x00002d5e       0x86 ./Arduino/HardwareSerial0.o
 .text.__vector_21
                0x00002de4       0x4a ./Arduino/HardwareSerial0.o
                0x00002de4                __vector_21
 .text.__vector_28
                0x00002e2e       0x6c ./Arduino/HardwareSerial1.o
                0x00002e2e                __vector_28
 .text._GLOBAL__I___vector_28
                0x00002e9a       0x86 ./Arduino/HardwareSerial1.o
 .text.__vector_29
                0x00002f20       0x4a ./Arduino/HardwareSerial1.o
                0x00002f20                __vector_29
 .text._ZN9IPAddressC1Ehhhh
                0x00002f6a       0x18 ./Arduino/IPAddress.o
                0x00002f6a                IPAddress::IPAddress(unsigned char, unsigned char, unsigned char, unsigned char)
 .text._GLOBAL__I__ZN9IPAddressC2Ev
                0x00002f82       0x1e ./Arduino/IPAddress.o
 .text._ZNK9IPAddress7printToER5Print
                0x00002fa0       0x7e ./Arduino/IPAddress.o
                0x00002fa0                IPAddress::printTo(Print&) const
 .text._ZN9IPAddressaSEPKh
                0x0000301e       0x1a ./Arduino/IPAddress.o
                0x0000301e                IPAddress::operator=(unsigned char const*)
 .text._ZN9IPAddressC1EPKh
                0x00003038       0x22 ./Arduino/IPAddress.o
                0x00003038                IPAddress::IPAddress(unsigned char const*)
 .text._ZN9IPAddressC1Ev
                0x0000305a       0x14 ./Arduino/IPAddress.o
                0x0000305a                IPAddress::IPAddress()
 .text._ZN5Print5writeEPKhj
                0x0000306e       0x54 ./Arduino/Print.o
                0x0000306e                Print::write(unsigned char const*, unsigned int)
 .text._ZN5Print5printEc
                0x000030c2       0x10 ./Arduino/Print.o
                0x000030c2                Print::print(char)
 .text._ZN5Print7printlnEv
                0x000030d2       0x40 ./Arduino/Print.o
                0x000030d2                Print::println()
 .text._ZN5Print5writeEPKc
                0x00003112       0x38 ./Arduino/Print.o
                0x00003112                Print::write(char const*)
 .text._ZN5Print11printNumberEmh
                0x0000314a       0xc2 ./Arduino/Print.o
                0x0000314a                Print::printNumber(unsigned long, unsigned char)
 .text._ZN5Print5printEmi
                0x0000320c       0x1a ./Arduino/Print.o
                0x0000320c                Print::print(unsigned long, int)
 .text._ZN5Print5printEhi
                0x00003226       0x22 ./Arduino/Print.o
                0x00003226                Print::print(unsigned char, int)
 .text._ZN5Print7printlnEPKc
                0x00003248       0x22 ./Arduino/Print.o
                0x00003248                Print::println(char const*)
 .text._Z12disableTimerh
                0x0000326a       0x42 ./Arduino/Tone.o
                0x0000326a                disableTimer(unsigned char)
 .text._Z6noToneh
                0x000032ac       0x2a ./Arduino/Tone.o
                0x000032ac                noTone(unsigned char)
 .text.__vector_9
                0x000032d6       0xb6 ./Arduino/Tone.o
                0x000032d6                __vector_9
 .text.__vector_1
                0x0000338c       0x5a ./Arduino/WInterrupts.o
                0x0000338c                __vector_1
 .text.__vector_2
                0x000033e6       0x5a ./Arduino/WInterrupts.o
                0x000033e6                __vector_2
 .text.__vector_3
                0x00003440       0x5a ./Arduino/WInterrupts.o
                0x00003440                __vector_3
 .text._Z6randoml
                0x0000349a       0x42 ./Arduino/WMath.o
                0x0000349a                random(long)
 .text._Z6randomll
                0x000034dc       0x3a ./Arduino/WMath.o
                0x000034dc                random(long, long)
 .text.__empty  0x00003516        0x2 ./Arduino/hooks.o
                0x00003516                yield
 .text._Znwj    0x00003518        0x4 ./Arduino/new.o
                0x00003518                operator new(unsigned int)
 .text.__vector_18
                0x0000351c       0x90 ./Arduino/wiring.o
                0x0000351c                __vector_18
 .text.millis   0x000035ac       0x1c ./Arduino/wiring.o
                0x000035ac                millis
 .text.init     0x000035c8       0x76 ./Arduino/wiring.o
                0x000035c8                init
 .text.delay    0x0000363e       0xce ./Arduino/wiring.o
                0x0000363e                delay
 .text.pinMode  0x0000370c       0x7e ./Arduino/wiring_digital.o
                0x0000370c                pinMode
 .text.digitalWrite
                0x0000378a       0xa8 ./Arduino/wiring_digital.o
                0x0000378a                digitalWrite
 .text._GLOBAL__I_in_pin
                0x00003832       0x32 ./main.o
 .text.loop     0x00003864       0x44 ./main.o
                0x00003864                loop
 .text.setup    0x000038a8       0xde ./main.o
                0x000038a8                setup
 .text.main     0x00003986        0x8 ./main.o
                0x00003986                main
 .text.libgcc   0x0000398e       0x3e c:/ed/arduino-1.5.6-r2/hardware/tools/avr/bin/../lib/gcc/avr/4.3.2/avr5\libgcc.a(_mulsi3.o)
                0x0000398e                __mulsi3
 .text.libgcc   0x000039cc       0x44 c:/ed/arduino-1.5.6-r2/hardware/tools/avr/bin/../lib/gcc/avr/4.3.2/avr5\libgcc.a(_udivmodsi4.o)
                0x000039cc                __udivmodsi4
 .text.libgcc   0x00003a10       0x36 c:/ed/arduino-1.5.6-r2/hardware/tools/avr/bin/../lib/gcc/avr/4.3.2/avr5\libgcc.a(_divmodsi4.o)
                0x00003a10                __divmodsi4
 .text.libgcc   0x00003a46        0xc c:/ed/arduino-1.5.6-r2/hardware/tools/avr/bin/../lib/gcc/avr/4.3.2/avr5\libgcc.a(_tablejump.o)
                0x00003a4a                __tablejump__
                0x00003a46                __tablejump2__
 .text.libgcc   0x00003a52       0x38 c:/ed/arduino-1.5.6-r2/hardware/tools/avr/bin/../lib/gcc/avr/4.3.2/avr5\libgcc.a(_prologue.o)
                0x00003a52                __prologue_saves__
 .text.libgcc   0x00003a8a       0x36 c:/ed/arduino-1.5.6-r2/hardware/tools/avr/bin/../lib/gcc/avr/4.3.2/avr5\libgcc.a(_epilogue.o)
                0x00003a8a                __epilogue_restores__
                0x00003ac0                . = ALIGN (0x2)
 *(.fini9)
 .fini9         0x00003ac0        0x0 c:/ed/arduino-1.5.6-r2/hardware/tools/avr/bin/../lib/gcc/avr/4.3.2/avr5\libgcc.a(_exit.o)
                0x00003ac0                exit
                0x00003ac0                _exit
 *(.fini9)
 *(.fini8)
 *(.fini8)
 *(.fini7)
 *(.fini7)
 *(.fini6)
 *(.fini6)
 *(.fini5)
 *(.fini5)
 *(.fini4)
 *(.fini4)
 *(.fini3)
 *(.fini3)
 *(.fini2)
 *(.fini2)
 *(.fini1)
 *(.fini1)
 *(.fini0)
 .fini0         0x00003ac0        0x4 c:/ed/arduino-1.5.6-r2/hardware/tools/avr/bin/../lib/gcc/avr/4.3.2/avr5\libgcc.a(_exit.o)
 *(.fini0)
                0x00003ac4                _etext = .

.data           0x00800100      0x130 load address 0x00003ac4
                0x00800100                PROVIDE (__data_start, .)
 *(.data)
 .data          0x00800100        0x7 ./utility/Dhcp.o
 .data          0x00800107       0xa7 ./main.o
 .data          0x008001ae        0x4 c:/ed/arduino-1.5.6-r2/hardware/tools/avr/bin/../lib/gcc/avr/4.3.2/../../../../avr/lib/avr5\libc.a(random.o)
 *(.data*)
 .data._ZN14EthernetClient8_srcportE
                0x008001b2        0x2 ./utility/EthernetClient.o
                0x008001b2                EthernetClient::_srcport
 .data.__malloc_margin
                0x008001b4        0x2 ./Arduino/avr-libc/malloc.o
                0x008001b4                __malloc_margin
 .data.__malloc_heap_start
                0x008001b6        0x2 ./Arduino/avr-libc/malloc.o
                0x008001b6                __malloc_heap_start
 .data.__malloc_heap_end
                0x008001b8        0x2 ./Arduino/avr-libc/malloc.o
                0x008001b8                __malloc_heap_end
 .data._ZL9tone_pins
                0x008001ba        0x1 ./Arduino/Tone.o
 .data.mac      0x008001bb        0x6 ./main.o
                0x008001bb                mac
 .data.server   0x008001c1        0xf ./main.o
                0x008001c1                server
 *(.rodata)
 *(.rodata*)
 .rodata._ZTV14EthernetClient
                0x008001d0       0x1e ./utility/EthernetClient.o
                0x008001d0                vtable for EthernetClient
 .rodata._ZTV11EthernetUDP
                0x008001ee       0x26 ./utility/EthernetUdp.o
                0x008001ee                vtable for EthernetUDP
 .rodata._ZZN11EthernetUDP14beginMulticastE9IPAddressjE3C.6
                0x00800214        0x6 ./utility/EthernetUdp.o
 .rodata._ZTV14HardwareSerial
                0x0080021a       0x10 ./Arduino/HardwareSerial.o
                0x0080021a                vtable for HardwareSerial
 .rodata._ZTV9IPAddress
                0x0080022a        0x6 ./Arduino/IPAddress.o
                0x0080022a                vtable for IPAddress
 *(.gnu.linkonce.d*)
                0x00800230                . = ALIGN (0x2)
                0x00800230                _edata = .
                0x00800230                PROVIDE (__data_end, .)

.bss            0x00800230      0x1bf
                0x00800230                PROVIDE (__bss_start, .)
 *(.bss)
 *(.bss*)
 .bss._ZL11INADDR_NONE
                0x00800230        0x6 ./utility/Dhcp.o
 .bss._ZL11INADDR_NONE
                0x00800236        0x6 ./utility/Dns.o
 .bss._ZN13EthernetClass12_server_portE
                0x0080023c       0x10 ./utility/Ethernet.o
                0x0080023c                EthernetClass::_server_port
 .bss.Ethernet  0x0080024c        0x8 ./utility/Ethernet.o
                0x0080024c                Ethernet
 .bss._ZL11INADDR_NONE
                0x00800254        0x6 ./utility/Ethernet.o
 .bss._ZL11INADDR_NONE
                0x0080025a        0x6 ./utility/EthernetClient.o
 .bss._ZL11INADDR_NONE
                0x00800260        0x6 ./utility/EthernetServer.o
 .bss._ZL11INADDR_NONE
                0x00800266        0x6 ./utility/EthernetUdp.o
 .bss._ZL10local_port
                0x0080026c        0x2 ./utility/socket.o
 .bss.W5100     0x0080026e        0x1 ./utility/w5100.o
                0x0080026e                W5100
 .bss.Serial    0x0080026f       0x9d ./Arduino/HardwareSerial0.o
                0x0080026f                Serial
 .bss.Serial1   0x0080030c       0x9d ./Arduino/HardwareSerial1.o
                0x0080030c                Serial1
 .bss._ZL11INADDR_NONE
                0x008003a9        0x6 ./Arduino/IPAddress.o
 .bss.timer2_toggle_count
                0x008003af        0x4 ./Arduino/Tone.o
                0x008003af                timer2_toggle_count
 .bss.timer2_pin_port
                0x008003b3        0x2 ./Arduino/Tone.o
                0x008003b3                timer2_pin_port
 .bss.timer2_pin_mask
                0x008003b5        0x1 ./Arduino/Tone.o
                0x008003b5                timer2_pin_mask
 .bss.intFunc   0x008003b6        0x6 ./Arduino/WInterrupts.o
 .bss.timer0_overflow_count
                0x008003bc        0x4 ./Arduino/wiring.o
                0x008003bc                timer0_overflow_count
 .bss.timer0_millis
                0x008003c0        0x4 ./Arduino/wiring.o
                0x008003c0                timer0_millis
 .bss.timer0_fract
                0x008003c4        0x1 ./Arduino/wiring.o
 .bss._client   0x008003c5        0xd ./main.o
                0x008003c5                _client
 .bss.ip        0x008003d2        0x6 ./main.o
                0x008003d2                ip
 .bss.client    0x008003d8        0xd ./main.o
                0x008003d8                client
 .bss._ZL11INADDR_NONE
                0x008003e5        0x6 ./main.o
 *(COMMON)
 COMMON         0x008003eb        0x4 ./Arduino/avr-libc/malloc.o
                0x008003eb                __brkval
                0x008003ed                __flp
                0x008003ef                PROVIDE (__bss_end, .)
                0x00003ac4                __data_load_start = LOADADDR (.data)
                0x00003bf4                __data_load_end = (__data_load_start + SIZEOF (.data))

.noinit         0x008003ef        0x0
                0x008003ef                PROVIDE (__noinit_start, .)
 *(.noinit*)
                0x008003ef                PROVIDE (__noinit_end, .)
                0x008003ef                _end = .
                0x008003ef                PROVIDE (__heap_start, .)

.eeprom         0x00810000        0x0
 *(.eeprom*)
                0x00810000                __eeprom_end = .

.fuse
 *(.fuse)
 *(.lfuse)
 *(.hfuse)
 *(.efuse)

.lock
 *(.lock*)

.signature
 *(.signature*)

.stab
 *(.stab)

.stabstr
 *(.stabstr)

.stab.excl
 *(.stab.excl)

.stab.exclstr
 *(.stab.exclstr)

.stab.index
 *(.stab.index)

.stab.indexstr
 *(.stab.indexstr)

.comment
 *(.comment)

.debug
 *(.debug)

.line
 *(.line)

.debug_srcinfo
 *(.debug_srcinfo)

.debug_sfnames
 *(.debug_sfnames)

.debug_aranges
 *(.debug_aranges)

.debug_pubnames
 *(.debug_pubnames)

.debug_info
 *(.debug_info)
 *(.gnu.linkonce.wi.*)

.debug_abbrev
 *(.debug_abbrev)

.debug_line
 *(.debug_line)

.debug_frame
 *(.debug_frame)

.debug_str
 *(.debug_str)

.debug_loc
 *(.debug_loc)

.debug_macinfo
 *(.debug_macinfo)
OUTPUT(EthernetIot.elf elf32-avr)
LOAD linker stubs

Cross Reference Table

Symbol                                            File
DNSClient::BuildRequest(char const*)              ./utility/Dns.o
DNSClient::ProcessResponse(unsigned int, IPAddress&) ./utility/Dns.o
DNSClient::begin(IPAddress const&)                ./utility/Dns.o
                                                  ./utility/EthernetUdp.o
                                                  ./utility/EthernetClient.o
DNSClient::getHostByName(char const*, IPAddress&) ./utility/Dns.o
                                                  ./utility/EthernetUdp.o
                                                  ./utility/EthernetClient.o
DNSClient::inet_aton(char const*, IPAddress&)     ./utility/Dns.o
DhcpClass::beginWithDHCP(unsigned char*, unsigned long, unsigned long) ./utility/Dhcp.o
                                                  ./utility/Ethernet.o
DhcpClass::checkLease()                           ./utility/Dhcp.o
                                                  ./utility/Ethernet.o
DhcpClass::getDhcpServerIp()                      ./utility/Dhcp.o
DhcpClass::getDnsServerIp()                       ./utility/Dhcp.o
                                                  ./utility/Ethernet.o
DhcpClass::getGatewayIp()                         ./utility/Dhcp.o
                                                  ./utility/Ethernet.o
DhcpClass::getLocalIp()                           ./utility/Dhcp.o
                                                  ./utility/Ethernet.o
DhcpClass::getSubnetMask()                        ./utility/Dhcp.o
                                                  ./utility/Ethernet.o
DhcpClass::parseDHCPResponse(unsigned long, unsigned long&) ./utility/Dhcp.o
DhcpClass::presend_DHCP()                         ./utility/Dhcp.o
DhcpClass::printByte(char*, unsigned char)        ./utility/Dhcp.o
DhcpClass::request_DHCP_lease()                   ./utility/Dhcp.o
DhcpClass::reset_DHCP_lease()                     ./utility/Dhcp.o
DhcpClass::send_DHCP_MESSAGE(unsigned char, unsigned int) ./utility/Dhcp.o
Ethernet                                          ./utility/Ethernet.o
                                                  ./main.o
                                                  ./utility/EthernetUdp.o
                                                  ./utility/EthernetClient.o
EthernetClass::_server_port                       ./utility/Ethernet.o
                                                  ./utility/EthernetUdp.o
                                                  ./utility/EthernetServer.o
                                                  ./utility/EthernetClient.o
EthernetClass::_state                             ./utility/Ethernet.o
EthernetClass::begin(unsigned char*)              ./utility/Ethernet.o
                                                  ./main.o
EthernetClass::begin(unsigned char*, IPAddress)   ./utility/Ethernet.o
                                                  ./main.o
EthernetClass::begin(unsigned char*, IPAddress, IPAddress) ./utility/Ethernet.o
EthernetClass::begin(unsigned char*, IPAddress, IPAddress, IPAddress) ./utility/Ethernet.o
EthernetClass::begin(unsigned char*, IPAddress, IPAddress, IPAddress, IPAddress) ./utility/Ethernet.o
EthernetClass::dnsServerIP()                      ./utility/Ethernet.o
                                                  ./utility/EthernetUdp.o
                                                  ./utility/EthernetClient.o
EthernetClass::gatewayIP()                        ./utility/Ethernet.o
EthernetClass::localIP()                          ./utility/Ethernet.o
EthernetClass::maintain()                         ./utility/Ethernet.o
EthernetClass::subnetMask()                       ./utility/Ethernet.o
EthernetClient::EthernetClient()                  ./utility/EthernetClient.o
EthernetClient::EthernetClient()                  ./utility/EthernetClient.o
                                                  ./main.o
EthernetClient::EthernetClient(unsigned char)     ./utility/EthernetClient.o
EthernetClient::EthernetClient(unsigned char)     ./utility/EthernetClient.o
                                                  ./utility/EthernetServer.o
EthernetClient::_srcport                          ./utility/EthernetClient.o
EthernetClient::available()                       ./utility/EthernetClient.o
                                                  ./main.o
                                                  ./utility/EthernetServer.o
EthernetClient::connect(IPAddress, unsigned int)  ./utility/EthernetClient.o
EthernetClient::connect(char const*, unsigned int) ./utility/EthernetClient.o
                                                  ./main.o
EthernetClient::connected()                       ./utility/EthernetClient.o
                                                  ./main.o
EthernetClient::flush()                           ./utility/EthernetClient.o
EthernetClient::operator bool()                   ./utility/EthernetClient.o
EthernetClient::peek()                            ./utility/EthernetClient.o
EthernetClient::read()                            ./utility/EthernetClient.o
                                                  ./main.o
EthernetClient::read(unsigned char*, unsigned int) ./utility/EthernetClient.o
EthernetClient::sock()                            ./utility/EthernetClient.o
EthernetClient::status()                          ./utility/EthernetClient.o
                                                  ./utility/EthernetServer.o
EthernetClient::stop()                            ./utility/EthernetClient.o
                                                  ./main.o
                                                  ./utility/EthernetServer.o
EthernetClient::write(unsigned char const*, unsigned int) ./utility/EthernetClient.o
                                                  ./utility/EthernetServer.o
EthernetClient::write(unsigned char)              ./utility/EthernetClient.o
EthernetServer::EthernetServer(unsigned int)      ./utility/EthernetServer.o
EthernetServer::EthernetServer(unsigned int)      ./utility/EthernetServer.o
EthernetServer::accept()                          ./utility/EthernetServer.o
EthernetServer::available()                       ./utility/EthernetServer.o
EthernetServer::begin()                           ./utility/EthernetServer.o
EthernetServer::write(unsigned char const*, unsigned int) ./utility/EthernetServer.o
EthernetServer::write(unsigned char)              ./utility/EthernetServer.o
EthernetUDP::EthernetUDP()                        ./utility/EthernetUdp.o
EthernetUDP::EthernetUDP()                        ./utility/EthernetUdp.o
                                                  ./utility/EthernetClient.o
                                                  ./utility/Ethernet.o
EthernetUDP::available()                          ./utility/EthernetUdp.o
                                                  ./utility/Dns.o
                                                  ./utility/Dhcp.o
EthernetUDP::begin(unsigned int)                  ./utility/EthernetUdp.o
                                                  ./utility/Dns.o
                                                  ./utility/Dhcp.o
EthernetUDP::beginMulticast(IPAddress, unsigned int) ./utility/EthernetUdp.o
EthernetUDP::beginPacket(IPAddress, unsigned int) ./utility/EthernetUdp.o
                                                  ./utility/Dns.o
                                                  ./utility/Dhcp.o
EthernetUDP::beginPacket(char const*, unsigned int) ./utility/EthernetUdp.o
EthernetUDP::endPacket()                          ./utility/EthernetUdp.o
                                                  ./utility/Dns.o
                                                  ./utility/Dhcp.o
EthernetUDP::flush()                              ./utility/EthernetUdp.o
                                                  ./utility/Dns.o
                                                  ./utility/Dhcp.o
EthernetUDP::parsePacket()                        ./utility/EthernetUdp.o
                                                  ./utility/Dns.o
                                                  ./utility/Dhcp.o
EthernetUDP::peek()                               ./utility/EthernetUdp.o
EthernetUDP::read()                               ./utility/EthernetUdp.o
                                                  ./utility/Dns.o
                                                  ./utility/Dhcp.o
EthernetUDP::read(char*, unsigned int)            ./utility/EthernetUdp.o
EthernetUDP::read(unsigned char*, unsigned int)   ./utility/EthernetUdp.o
                                                  ./utility/Dns.o
                                                  ./utility/Dhcp.o
EthernetUDP::remoteIP()                           ./utility/EthernetUdp.o
EthernetUDP::remotePort()                         ./utility/EthernetUdp.o
EthernetUDP::stop()                               ./utility/EthernetUdp.o
                                                  ./utility/Dns.o
                                                  ./utility/Dhcp.o
EthernetUDP::write(unsigned char const*, unsigned int) ./utility/EthernetUdp.o
                                                  ./utility/Dns.o
                                                  ./utility/Dhcp.o
EthernetUDP::write(unsigned char)                 ./utility/EthernetUdp.o
HardwareSerial::_tx_udr_empty_irq()               ./Arduino/HardwareSerial.o
                                                  ./Arduino/HardwareSerial1.o
                                                  ./Arduino/HardwareSerial0.o
HardwareSerial::available()                       ./Arduino/HardwareSerial.o
                                                  ./Arduino/HardwareSerial1.o
                                                  ./Arduino/HardwareSerial0.o
HardwareSerial::begin(unsigned long, unsigned char) ./Arduino/HardwareSerial.o
                                                  ./main.o
HardwareSerial::end()                             ./Arduino/HardwareSerial.o
HardwareSerial::flush()                           ./Arduino/HardwareSerial.o
HardwareSerial::peek()                            ./Arduino/HardwareSerial.o
HardwareSerial::read()                            ./Arduino/HardwareSerial.o
HardwareSerial::write(unsigned char)              ./Arduino/HardwareSerial.o
IPAddress::IPAddress()                            ./Arduino/IPAddress.o
                                                  ./utility/EthernetUdp.o
                                                  ./utility/EthernetClient.o
                                                  ./utility/Ethernet.o
IPAddress::IPAddress()                            ./Arduino/IPAddress.o
IPAddress::IPAddress(unsigned char const*)        ./Arduino/IPAddress.o
                                                  ./utility/Dhcp.o
IPAddress::IPAddress(unsigned char const*)        ./Arduino/IPAddress.o
IPAddress::IPAddress(unsigned char, unsigned char, unsigned char, unsigned char) ./Arduino/IPAddress.o
IPAddress::IPAddress(unsigned char, unsigned char, unsigned char, unsigned char) ./Arduino/IPAddress.o
                                                  ./main.o
                                                  ./utility/EthernetUdp.o
                                                  ./utility/EthernetServer.o
                                                  ./utility/EthernetClient.o
                                                  ./utility/Ethernet.o
                                                  ./utility/Dns.o
                                                  ./utility/Dhcp.o
IPAddress::IPAddress(unsigned long)               ./Arduino/IPAddress.o
IPAddress::IPAddress(unsigned long)               ./Arduino/IPAddress.o
IPAddress::operator=(unsigned char const*)        ./Arduino/IPAddress.o
                                                  ./utility/EthernetUdp.o
IPAddress::operator=(unsigned long)               ./Arduino/IPAddress.o
IPAddress::operator==(unsigned char const*) const ./Arduino/IPAddress.o
IPAddress::printTo(Print&) const                  ./Arduino/IPAddress.o
Print::print(Printable const&)                    ./Arduino/Print.o
Print::print(String const&)                       ./Arduino/Print.o
Print::print(__FlashStringHelper const*)          ./Arduino/Print.o
Print::print(char const*)                         ./Arduino/Print.o
Print::print(char)                                ./Arduino/Print.o
                                                  ./main.o
                                                  ./Arduino/IPAddress.o
Print::print(double, int)                         ./Arduino/Print.o
Print::print(int, int)                            ./Arduino/Print.o
Print::print(long, int)                           ./Arduino/Print.o
Print::print(unsigned char, int)                  ./Arduino/Print.o
                                                  ./Arduino/IPAddress.o
Print::print(unsigned int, int)                   ./Arduino/Print.o
Print::print(unsigned long, int)                  ./Arduino/Print.o
Print::printFloat(double, unsigned char)          ./Arduino/Print.o
Print::printNumber(unsigned long, unsigned char)  ./Arduino/Print.o
Print::println()                                  ./Arduino/Print.o
                                                  ./main.o
Print::println(Printable const&)                  ./Arduino/Print.o
Print::println(String const&)                     ./Arduino/Print.o
Print::println(__FlashStringHelper const*)        ./Arduino/Print.o
Print::println(char const*)                       ./Arduino/Print.o
                                                  ./main.o
Print::println(char)                              ./Arduino/Print.o
Print::println(double, int)                       ./Arduino/Print.o
Print::println(int, int)                          ./Arduino/Print.o
Print::println(long, int)                         ./Arduino/Print.o
Print::println(unsigned char, int)                ./Arduino/Print.o
Print::println(unsigned int, int)                 ./Arduino/Print.o
Print::println(unsigned long, int)                ./Arduino/Print.o
Print::write(char const*)                         ./Arduino/Print.o
Print::write(unsigned char const*, unsigned int)  ./Arduino/Print.o
                                                  ./Arduino/HardwareSerial1.o
                                                  ./Arduino/HardwareSerial0.o
                                                  ./Arduino/HardwareSerial.o
                                                  ./utility/EthernetUdp.o
                                                  ./utility/EthernetServer.o
                                                  ./utility/EthernetClient.o
SPI                                               ./utility/SPI.o
SPIClass::begin()                                 ./utility/SPI.o
                                                  ./utility/w5100.o
SPIClass::end()                                   ./utility/SPI.o
SPIClass::setBitOrder(unsigned char)              ./utility/SPI.o
SPIClass::setClockDivider(unsigned char)          ./utility/SPI.o
SPIClass::setDataMode(unsigned char)              ./utility/SPI.o
Serial                                            ./Arduino/HardwareSerial0.o
                                                  ./main.o
Serial0_available()                               ./Arduino/HardwareSerial0.o
                                                  ./Arduino/HardwareSerial.o
Serial1                                           ./Arduino/HardwareSerial1.o
Serial1_available()                               ./Arduino/HardwareSerial1.o
                                                  ./Arduino/HardwareSerial.o
Stream::find(char*)                               ./Arduino/Stream.o
Stream::find(char*, unsigned int)                 ./Arduino/Stream.o
Stream::findUntil(char*, char*)                   ./Arduino/Stream.o
Stream::findUntil(char*, unsigned int, char*, unsigned int) ./Arduino/Stream.o
Stream::parseFloat()                              ./Arduino/Stream.o
Stream::parseFloat(char)                          ./Arduino/Stream.o
Stream::parseInt()                                ./Arduino/Stream.o
Stream::parseInt(char)                            ./Arduino/Stream.o
Stream::peekNextDigit()                           ./Arduino/Stream.o
Stream::readBytes(char*, unsigned int)            ./Arduino/Stream.o
Stream::readBytesUntil(char, char*, unsigned int) ./Arduino/Stream.o
Stream::readString()                              ./Arduino/Stream.o
Stream::readStringUntil(char)                     ./Arduino/Stream.o
Stream::setTimeout(unsigned long)                 ./Arduino/Stream.o
Stream::timedPeek()                               ./Arduino/Stream.o
Stream::timedRead()                               ./Arduino/Stream.o
String::String(String const&)                     ./Arduino/WString.o
String::String(String const&)                     ./Arduino/WString.o
String::String(__FlashStringHelper const*)        ./Arduino/WString.o
String::String(__FlashStringHelper const*)        ./Arduino/WString.o
String::String(char const*)                       ./Arduino/WString.o
                                                  ./Arduino/Stream.o
String::String(char const*)                       ./Arduino/WString.o
String::String(char)                              ./Arduino/WString.o
String::String(char)                              ./Arduino/WString.o
String::String(double, unsigned char)             ./Arduino/WString.o
String::String(double, unsigned char)             ./Arduino/WString.o
String::String(float, unsigned char)              ./Arduino/WString.o
String::String(float, unsigned char)              ./Arduino/WString.o
String::String(int, unsigned char)                ./Arduino/WString.o
String::String(int, unsigned char)                ./Arduino/WString.o
String::String(long, unsigned char)               ./Arduino/WString.o
String::String(long, unsigned char)               ./Arduino/WString.o
String::String(unsigned char, unsigned char)      ./Arduino/WString.o
String::String(unsigned char, unsigned char)      ./Arduino/WString.o
String::String(unsigned int, unsigned char)       ./Arduino/WString.o
String::String(unsigned int, unsigned char)       ./Arduino/WString.o
String::String(unsigned long, unsigned char)      ./Arduino/WString.o
String::String(unsigned long, unsigned char)      ./Arduino/WString.o
String::changeBuffer(unsigned int)                ./Arduino/WString.o
String::charAt(unsigned int) const                ./Arduino/WString.o
String::compareTo(String const&) const            ./Arduino/WString.o
String::concat(String const&)                     ./Arduino/WString.o
String::concat(__FlashStringHelper const*)        ./Arduino/WString.o
String::concat(char const*)                       ./Arduino/WString.o
String::concat(char const*, unsigned int)         ./Arduino/WString.o
String::concat(char)                              ./Arduino/WString.o
                                                  ./Arduino/Stream.o
String::concat(double)                            ./Arduino/WString.o
String::concat(float)                             ./Arduino/WString.o
String::concat(int)                               ./Arduino/WString.o
String::concat(long)                              ./Arduino/WString.o
String::concat(unsigned char)                     ./Arduino/WString.o
String::concat(unsigned int)                      ./Arduino/WString.o
String::concat(unsigned long)                     ./Arduino/WString.o
String::copy(__FlashStringHelper const*, unsigned int) ./Arduino/WString.o
String::copy(char const*, unsigned int)           ./Arduino/WString.o
String::endsWith(String const&) const             ./Arduino/WString.o
String::equals(String const&) const               ./Arduino/WString.o
String::equals(char const*) const                 ./Arduino/WString.o
String::equalsIgnoreCase(String const&) const     ./Arduino/WString.o
String::getBytes(unsigned char*, unsigned int, unsigned int) const ./Arduino/WString.o
String::indexOf(String const&) const              ./Arduino/WString.o
String::indexOf(String const&, unsigned int) const ./Arduino/WString.o
String::indexOf(char) const                       ./Arduino/WString.o
String::indexOf(char, unsigned int) const         ./Arduino/WString.o
String::invalidate()                              ./Arduino/WString.o
String::lastIndexOf(String const&) const          ./Arduino/WString.o
String::lastIndexOf(String const&, unsigned int) const ./Arduino/WString.o
String::lastIndexOf(char) const                   ./Arduino/WString.o
String::lastIndexOf(char, unsigned int) const     ./Arduino/WString.o
String::operator<(String const&) const            ./Arduino/WString.o
String::operator<=(String const&) const           ./Arduino/WString.o
String::operator=(String const&)                  ./Arduino/WString.o
String::operator=(__FlashStringHelper const*)     ./Arduino/WString.o
String::operator=(char const*)                    ./Arduino/WString.o
String::operator>(String const&) const            ./Arduino/WString.o
String::operator>=(String const&) const           ./Arduino/WString.o
String::operator[](unsigned int)                  ./Arduino/WString.o
String::operator[](unsigned int) const            ./Arduino/WString.o
String::remove(unsigned int)                      ./Arduino/WString.o
String::remove(unsigned int, unsigned int)        ./Arduino/WString.o
String::replace(String const&, String const&)     ./Arduino/WString.o
String::replace(char, char)                       ./Arduino/WString.o
String::reserve(unsigned int)                     ./Arduino/WString.o
String::setCharAt(unsigned int, char)             ./Arduino/WString.o
String::startsWith(String const&) const           ./Arduino/WString.o
String::startsWith(String const&, unsigned int) const ./Arduino/WString.o
String::substring(unsigned int, unsigned int) const ./Arduino/WString.o
String::toFloat() const                           ./Arduino/WString.o
String::toInt() const                             ./Arduino/WString.o
String::toLowerCase()                             ./Arduino/WString.o
String::toUpperCase()                             ./Arduino/WString.o
String::trim()                                    ./Arduino/WString.o
String::~String()                                 ./Arduino/WString.o
String::~String()                                 ./Arduino/WString.o
W5100                                             ./utility/w5100.o
                                                  ./utility/socket.o
                                                  ./utility/EthernetUdp.o
                                                  ./utility/EthernetClient.o
                                                  ./utility/Ethernet.o
W5500Class::execCmdSn(unsigned char, SockCMD)     ./utility/w5100.o
                                                  ./utility/socket.o
W5500Class::getRXReceivedSize(unsigned char)      ./utility/w5100.o
                                                  ./utility/socket.o
                                                  ./utility/EthernetUdp.o
                                                  ./utility/EthernetClient.o
W5500Class::getTXFreeSize(unsigned char)          ./utility/w5100.o
                                                  ./utility/socket.o
W5500Class::init()                                ./utility/w5100.o
                                                  ./utility/Ethernet.o
W5500Class::read(unsigned int, unsigned char)     ./utility/w5100.o
                                                  ./utility/socket.o
                                                  ./utility/EthernetUdp.o
                                                  ./utility/EthernetClient.o
W5500Class::read(unsigned int, unsigned char, unsigned char*, unsigned int) ./utility/w5100.o
                                                  ./utility/Ethernet.o
W5500Class::readSn(unsigned char, unsigned int)   ./utility/w5100.o
W5500Class::readSnIR(unsigned char)               ./utility/socket.o
W5500Class::readSnRX_RSR(unsigned char)           ./utility/w5100.o
W5500Class::readSnTX_FSR(unsigned char)           ./utility/w5100.o
W5500Class::read_data(unsigned char, unsigned char volatile*, unsigned char volatile*, unsigned int) ./utility/w5100.o
                                                  ./utility/socket.o
W5500Class::recv_data_processing(unsigned char, unsigned char*, unsigned int, unsigned char) ./utility/w5100.o
                                                  ./utility/socket.o
W5500Class::send_data_processing(unsigned char, unsigned char const*, unsigned int) ./utility/w5100.o
                                                  ./utility/socket.o
W5500Class::send_data_processing_offset(unsigned char, unsigned int, unsigned char const*, unsigned int) ./utility/w5100.o
                                                  ./utility/socket.o
W5500Class::write(unsigned int, unsigned char, unsigned char const*, unsigned int) ./utility/w5100.o
                                                  ./utility/socket.o
                                                  ./utility/EthernetUdp.o
                                                  ./utility/Ethernet.o
W5500Class::write(unsigned int, unsigned char, unsigned char) ./utility/w5100.o
                                                  ./utility/socket.o
                                                  ./utility/EthernetUdp.o
W5500Class::writeSnDPORT(unsigned char, unsigned int) ./utility/socket.o
W5500Class::writeSnIR(unsigned char, unsigned char) ./utility/socket.o
W5500Class::writeSnPORT(unsigned char, unsigned int) ./utility/socket.o
W5500Class::writeSnRX_RD(unsigned char, unsigned int) ./utility/socket.o
__addsf3                                          c:/ed/arduino-1.5.6-r2/hardware/tools/avr/bin/../lib/gcc/avr/4.3.2/../../../../avr/lib/avr5\libm.a(addsf3.o)
                                                  ./Arduino/Print.o
__addsf3x                                         c:/ed/arduino-1.5.6-r2/hardware/tools/avr/bin/../lib/gcc/avr/4.3.2/../../../../avr/lib/avr5\libm.a(addsf3x.o)
                                                  c:/ed/arduino-1.5.6-r2/hardware/tools/avr/bin/../lib/gcc/avr/4.3.2/../../../../avr/lib/avr5\libm.a(addsf3.o)
__bad_interrupt                                   c:/ed/arduino-1.5.6-r2/hardware/tools/avr/bin/../lib/gcc/avr/4.3.2/../../../../avr/lib/avr5/crtm644p.o
__brkval                                          ./Arduino/avr-libc/realloc.o
                                                  ./Arduino/avr-libc/malloc.o
__bss_end                                         c:/ed/arduino-1.5.6-r2/hardware/tools/avr/bin/../lib/gcc/avr/4.3.2/avr5\libgcc.a(_clear_bss.o)
__bss_start                                       c:/ed/arduino-1.5.6-r2/hardware/tools/avr/bin/../lib/gcc/avr/4.3.2/avr5\libgcc.a(_clear_bss.o)
__cmpsf2                                          c:/ed/arduino-1.5.6-r2/hardware/tools/avr/bin/../lib/gcc/avr/4.3.2/../../../../avr/lib/avr5\libm.a(cmpsf2.o)
__ctors_end                                       c:/ed/arduino-1.5.6-r2/hardware/tools/avr/bin/../lib/gcc/avr/4.3.2/avr5\libgcc.a(_ctors.o)
__ctors_start                                     c:/ed/arduino-1.5.6-r2/hardware/tools/avr/bin/../lib/gcc/avr/4.3.2/avr5\libgcc.a(_ctors.o)
__ctype_isfalse                                   c:/ed/arduino-1.5.6-r2/hardware/tools/avr/bin/../lib/gcc/avr/4.3.2/../../../../avr/lib/avr5\libc.a(cty_isfalse.o)
                                                  c:/ed/arduino-1.5.6-r2/hardware/tools/avr/bin/../lib/gcc/avr/4.3.2/../../../../avr/lib/avr5\libc.a(isspace.o)
__ctype_istrue                                    c:/ed/arduino-1.5.6-r2/hardware/tools/avr/bin/../lib/gcc/avr/4.3.2/../../../../avr/lib/avr5\libc.a(cty_isfalse.o)
__cxa_guard_abort                                 ./Arduino/new.o
__cxa_guard_acquire                               ./Arduino/new.o
__cxa_guard_release                               ./Arduino/new.o
__cxa_pure_virtual                                ./Arduino/new.o
                                                  ./main.o
                                                  ./Arduino/Print.o
                                                  ./Arduino/IPAddress.o
                                                  ./Arduino/HardwareSerial1.o
                                                  ./Arduino/HardwareSerial0.o
                                                  ./utility/EthernetUdp.o
                                                  ./utility/EthernetServer.o
                                                  ./utility/EthernetClient.o
                                                  ./utility/Ethernet.o
                                                  ./utility/Dns.o
                                                  ./utility/Dhcp.o
__data_end                                        c:/ed/arduino-1.5.6-r2/hardware/tools/avr/bin/../lib/gcc/avr/4.3.2/avr5\libgcc.a(_copy_data.o)
__data_load_start                                 c:/ed/arduino-1.5.6-r2/hardware/tools/avr/bin/../lib/gcc/avr/4.3.2/avr5\libgcc.a(_copy_data.o)
__data_start                                      c:/ed/arduino-1.5.6-r2/hardware/tools/avr/bin/../lib/gcc/avr/4.3.2/avr5\libgcc.a(_copy_data.o)
__divmodsi4                                       c:/ed/arduino-1.5.6-r2/hardware/tools/avr/bin/../lib/gcc/avr/4.3.2/avr5\libgcc.a(_divmodsi4.o)
                                                  c:/ed/arduino-1.5.6-r2/hardware/tools/avr/bin/../lib/gcc/avr/4.3.2/../../../../avr/lib/avr5\libc.a(random.o)
                                                  ./Arduino/WMath.o
                                                  ./utility/Dhcp.o
__divsf3                                          c:/ed/arduino-1.5.6-r2/hardware/tools/avr/bin/../lib/gcc/avr/4.3.2/../../../../avr/lib/avr5\libm.a(divsf3.o)
                                                  ./Arduino/Print.o
__divsf3_pse                                      c:/ed/arduino-1.5.6-r2/hardware/tools/avr/bin/../lib/gcc/avr/4.3.2/../../../../avr/lib/avr5\libm.a(divsf3x.o)
__divsf3x                                         c:/ed/arduino-1.5.6-r2/hardware/tools/avr/bin/../lib/gcc/avr/4.3.2/../../../../avr/lib/avr5\libm.a(divsf3x.o)
                                                  c:/ed/arduino-1.5.6-r2/hardware/tools/avr/bin/../lib/gcc/avr/4.3.2/../../../../avr/lib/avr5\libm.a(divsf3.o)
__do_clear_bss                                    c:/ed/arduino-1.5.6-r2/hardware/tools/avr/bin/../lib/gcc/avr/4.3.2/avr5\libgcc.a(_clear_bss.o)
                                                  c:/ed/arduino-1.5.6-r2/hardware/tools/avr/bin/../lib/gcc/avr/4.3.2/../../../../avr/lib/avr5\libc.a(errno.o)
                                                  c:/ed/arduino-1.5.6-r2/hardware/tools/avr/bin/../lib/gcc/avr/4.3.2/../../../../avr/lib/avr5\libc.a(strtod.o)
                                                  c:/ed/arduino-1.5.6-r2/hardware/tools/avr/bin/../lib/gcc/avr/4.3.2/../../../../avr/lib/avr5\libc.a(dtoa_prf.o)
                                                  c:/ed/arduino-1.5.6-r2/hardware/tools/avr/bin/../lib/gcc/avr/4.3.2/../../../../avr/lib/avr5\libc.a(random.o)
                                                  c:/ed/arduino-1.5.6-r2/hardware/tools/avr/bin/../lib/gcc/avr/4.3.2/../../../../avr/lib/avr5\libc.a(dtostrf.o)
                                                  ./main.o
                                                  ./Arduino/wiring_shift.o
                                                  ./Arduino/wiring_pulse.o
                                                  ./Arduino/wiring_digital.o
                                                  ./Arduino/wiring_analog.o
                                                  ./Arduino/wiring.o
                                                  ./Arduino/new.o
                                                  ./Arduino/main.o
                                                  ./Arduino/hooks.o
                                                  ./Arduino/WString.o
                                                  ./Arduino/WMath.o
                                                  ./Arduino/WInterrupts.o
                                                  ./Arduino/USBCore.o
                                                  ./Arduino/Tone.o
                                                  ./Arduino/Stream.o
                                                  ./Arduino/Print.o
                                                  ./Arduino/IPAddress.o
                                                  ./Arduino/HardwareSerial3.o
                                                  ./Arduino/HardwareSerial2.o
                                                  ./Arduino/HardwareSerial1.o
                                                  ./Arduino/HardwareSerial0.o
                                                  ./Arduino/HardwareSerial.o
                                                  ./Arduino/HID.o
                                                  ./Arduino/CDC.o
                                                  ./Arduino/avr-libc/realloc.o
                                                  ./Arduino/avr-libc/malloc.o
                                                  ./utility/w5100.o
                                                  ./utility/socket.o
                                                  ./utility/SPI.o
                                                  ./utility/EthernetUdp.o
                                                  ./utility/EthernetServer.o
                                                  ./utility/EthernetClient.o
                                                  ./utility/Ethernet.o
                                                  ./utility/Dns.o
                                                  ./utility/Dhcp.o
__do_copy_data                                    c:/ed/arduino-1.5.6-r2/hardware/tools/avr/bin/../lib/gcc/avr/4.3.2/avr5\libgcc.a(_copy_data.o)
                                                  c:/ed/arduino-1.5.6-r2/hardware/tools/avr/bin/../lib/gcc/avr/4.3.2/../../../../avr/lib/avr5\libc.a(errno.o)
                                                  c:/ed/arduino-1.5.6-r2/hardware/tools/avr/bin/../lib/gcc/avr/4.3.2/../../../../avr/lib/avr5\libc.a(strtod.o)
                                                  c:/ed/arduino-1.5.6-r2/hardware/tools/avr/bin/../lib/gcc/avr/4.3.2/../../../../avr/lib/avr5\libc.a(dtoa_prf.o)
                                                  c:/ed/arduino-1.5.6-r2/hardware/tools/avr/bin/../lib/gcc/avr/4.3.2/../../../../avr/lib/avr5\libc.a(random.o)
                                                  c:/ed/arduino-1.5.6-r2/hardware/tools/avr/bin/../lib/gcc/avr/4.3.2/../../../../avr/lib/avr5\libc.a(dtostrf.o)
                                                  ./main.o
                                                  ./Arduino/wiring_shift.o
                                                  ./Arduino/wiring_pulse.o
                                                  ./Arduino/wiring_digital.o
                                                  ./Arduino/wiring_analog.o
                                                  ./Arduino/wiring.o
                                                  ./Arduino/new.o
                                                  ./Arduino/main.o
                                                  ./Arduino/hooks.o
                                                  ./Arduino/WString.o
                                                  ./Arduino/WMath.o
                                                  ./Arduino/WInterrupts.o
                                                  ./Arduino/USBCore.o
                                                  ./Arduino/Tone.o
                                                  ./Arduino/Stream.o
                                                  ./Arduino/Print.o
                                                  ./Arduino/IPAddress.o
                                                  ./Arduino/HardwareSerial3.o
                                                  ./Arduino/HardwareSerial2.o
                                                  ./Arduino/HardwareSerial1.o
                                                  ./Arduino/HardwareSerial0.o
                                                  ./Arduino/HardwareSerial.o
                                                  ./Arduino/HID.o
                                                  ./Arduino/CDC.o
                                                  ./Arduino/avr-libc/realloc.o
                                                  ./Arduino/avr-libc/malloc.o
                                                  ./utility/w5100.o
                                                  ./utility/socket.o
                                                  ./utility/SPI.o
                                                  ./utility/EthernetUdp.o
                                                  ./utility/EthernetServer.o
                                                  ./utility/EthernetClient.o
                                                  ./utility/Ethernet.o
                                                  ./utility/Dns.o
                                                  ./utility/Dhcp.o
__do_global_ctors                                 c:/ed/arduino-1.5.6-r2/hardware/tools/avr/bin/../lib/gcc/avr/4.3.2/avr5\libgcc.a(_ctors.o)
                                                  ./main.o
                                                  ./Arduino/IPAddress.o
                                                  ./Arduino/HardwareSerial1.o
                                                  ./Arduino/HardwareSerial0.o
                                                  ./utility/EthernetUdp.o
                                                  ./utility/EthernetServer.o
                                                  ./utility/EthernetClient.o
                                                  ./utility/Ethernet.o
                                                  ./utility/Dns.o
                                                  ./utility/Dhcp.o
__epilogue_restores__                             c:/ed/arduino-1.5.6-r2/hardware/tools/avr/bin/../lib/gcc/avr/4.3.2/avr5\libgcc.a(_epilogue.o)
                                                  c:/ed/arduino-1.5.6-r2/hardware/tools/avr/bin/../lib/gcc/avr/4.3.2/../../../../avr/lib/avr5\libc.a(strtod.o)
                                                  c:/ed/arduino-1.5.6-r2/hardware/tools/avr/bin/../lib/gcc/avr/4.3.2/../../../../avr/lib/avr5\libc.a(dtoa_prf.o)
                                                  c:/ed/arduino-1.5.6-r2/hardware/tools/avr/bin/../lib/gcc/avr/4.3.2/../../../../avr/lib/avr5\libc.a(random.o)
__eqsf2                                           c:/ed/arduino-1.5.6-r2/hardware/tools/avr/bin/../lib/gcc/avr/4.3.2/../../../../avr/lib/avr5\libm.a(cmpsf2.o)
                                                  c:/ed/arduino-1.5.6-r2/hardware/tools/avr/bin/../lib/gcc/avr/4.3.2/../../../../avr/lib/avr5\libc.a(strtod.o)
__fixsfsi                                         c:/ed/arduino-1.5.6-r2/hardware/tools/avr/bin/../lib/gcc/avr/4.3.2/../../../../avr/lib/avr5\libm.a(fixsfsi.o)
                                                  ./Arduino/Print.o
__fixunssfsi                                      c:/ed/arduino-1.5.6-r2/hardware/tools/avr/bin/../lib/gcc/avr/4.3.2/../../../../avr/lib/avr5\libm.a(fixunssfsi.o)
                                                  c:/ed/arduino-1.5.6-r2/hardware/tools/avr/bin/../lib/gcc/avr/4.3.2/../../../../avr/lib/avr5\libm.a(fixsfsi.o)
                                                  ./Arduino/Print.o
__floatsisf                                       c:/ed/arduino-1.5.6-r2/hardware/tools/avr/bin/../lib/gcc/avr/4.3.2/../../../../avr/lib/avr5\libm.a(floatsisf.o)
                                                  ./Arduino/Stream.o
                                                  ./Arduino/Print.o
__floatunsisf                                     c:/ed/arduino-1.5.6-r2/hardware/tools/avr/bin/../lib/gcc/avr/4.3.2/../../../../avr/lib/avr5\libm.a(floatsisf.o)
                                                  c:/ed/arduino-1.5.6-r2/hardware/tools/avr/bin/../lib/gcc/avr/4.3.2/../../../../avr/lib/avr5\libc.a(strtod.o)
                                                  ./Arduino/Print.o
__flp                                             ./Arduino/avr-libc/realloc.o
                                                  ./Arduino/avr-libc/malloc.o
__fp_cmp                                          c:/ed/arduino-1.5.6-r2/hardware/tools/avr/bin/../lib/gcc/avr/4.3.2/../../../../avr/lib/avr5\libm.a(fp_cmp.o)
                                                  c:/ed/arduino-1.5.6-r2/hardware/tools/avr/bin/../lib/gcc/avr/4.3.2/../../../../avr/lib/avr5\libm.a(unordsf2.o)
                                                  c:/ed/arduino-1.5.6-r2/hardware/tools/avr/bin/../lib/gcc/avr/4.3.2/../../../../avr/lib/avr5\libm.a(gesf2.o)
                                                  c:/ed/arduino-1.5.6-r2/hardware/tools/avr/bin/../lib/gcc/avr/4.3.2/../../../../avr/lib/avr5\libm.a(cmpsf2.o)
__fp_inf                                          c:/ed/arduino-1.5.6-r2/hardware/tools/avr/bin/../lib/gcc/avr/4.3.2/../../../../avr/lib/avr5\libm.a(fp_inf.o)
                                                  c:/ed/arduino-1.5.6-r2/hardware/tools/avr/bin/../lib/gcc/avr/4.3.2/../../../../avr/lib/avr5\libm.a(mulsf3x.o)
                                                  c:/ed/arduino-1.5.6-r2/hardware/tools/avr/bin/../lib/gcc/avr/4.3.2/../../../../avr/lib/avr5\libm.a(divsf3x.o)
                                                  c:/ed/arduino-1.5.6-r2/hardware/tools/avr/bin/../lib/gcc/avr/4.3.2/../../../../avr/lib/avr5\libm.a(addsf3x.o)
__fp_nan                                          c:/ed/arduino-1.5.6-r2/hardware/tools/avr/bin/../lib/gcc/avr/4.3.2/../../../../avr/lib/avr5\libm.a(fp_nan.o)
                                                  c:/ed/arduino-1.5.6-r2/hardware/tools/avr/bin/../lib/gcc/avr/4.3.2/../../../../avr/lib/avr5\libm.a(mulsf3x.o)
                                                  c:/ed/arduino-1.5.6-r2/hardware/tools/avr/bin/../lib/gcc/avr/4.3.2/../../../../avr/lib/avr5\libm.a(divsf3x.o)
                                                  c:/ed/arduino-1.5.6-r2/hardware/tools/avr/bin/../lib/gcc/avr/4.3.2/../../../../avr/lib/avr5\libm.a(addsf3x.o)
__fp_pscA                                         c:/ed/arduino-1.5.6-r2/hardware/tools/avr/bin/../lib/gcc/avr/4.3.2/../../../../avr/lib/avr5\libm.a(fp_pscA.o)
                                                  c:/ed/arduino-1.5.6-r2/hardware/tools/avr/bin/../lib/gcc/avr/4.3.2/../../../../avr/lib/avr5\libm.a(mulsf3x.o)
                                                  c:/ed/arduino-1.5.6-r2/hardware/tools/avr/bin/../lib/gcc/avr/4.3.2/../../../../avr/lib/avr5\libm.a(divsf3x.o)
                                                  c:/ed/arduino-1.5.6-r2/hardware/tools/avr/bin/../lib/gcc/avr/4.3.2/../../../../avr/lib/avr5\libm.a(addsf3x.o)
__fp_pscB                                         c:/ed/arduino-1.5.6-r2/hardware/tools/avr/bin/../lib/gcc/avr/4.3.2/../../../../avr/lib/avr5\libm.a(fp_pscB.o)
                                                  c:/ed/arduino-1.5.6-r2/hardware/tools/avr/bin/../lib/gcc/avr/4.3.2/../../../../avr/lib/avr5\libm.a(mulsf3x.o)
                                                  c:/ed/arduino-1.5.6-r2/hardware/tools/avr/bin/../lib/gcc/avr/4.3.2/../../../../avr/lib/avr5\libm.a(divsf3x.o)
                                                  c:/ed/arduino-1.5.6-r2/hardware/tools/avr/bin/../lib/gcc/avr/4.3.2/../../../../avr/lib/avr5\libm.a(addsf3x.o)
__fp_round                                        c:/ed/arduino-1.5.6-r2/hardware/tools/avr/bin/../lib/gcc/avr/4.3.2/../../../../avr/lib/avr5\libm.a(fp_round.o)
                                                  c:/ed/arduino-1.5.6-r2/hardware/tools/avr/bin/../lib/gcc/avr/4.3.2/../../../../avr/lib/avr5\libm.a(mulsf3.o)
                                                  c:/ed/arduino-1.5.6-r2/hardware/tools/avr/bin/../lib/gcc/avr/4.3.2/../../../../avr/lib/avr5\libm.a(divsf3.o)
                                                  c:/ed/arduino-1.5.6-r2/hardware/tools/avr/bin/../lib/gcc/avr/4.3.2/../../../../avr/lib/avr5\libm.a(addsf3.o)
__fp_split3                                       c:/ed/arduino-1.5.6-r2/hardware/tools/avr/bin/../lib/gcc/avr/4.3.2/../../../../avr/lib/avr5\libm.a(fp_split3.o)
                                                  c:/ed/arduino-1.5.6-r2/hardware/tools/avr/bin/../lib/gcc/avr/4.3.2/../../../../avr/lib/avr5\libm.a(mulsf3x.o)
                                                  c:/ed/arduino-1.5.6-r2/hardware/tools/avr/bin/../lib/gcc/avr/4.3.2/../../../../avr/lib/avr5\libm.a(divsf3x.o)
                                                  c:/ed/arduino-1.5.6-r2/hardware/tools/avr/bin/../lib/gcc/avr/4.3.2/../../../../avr/lib/avr5\libm.a(addsf3x.o)
__fp_splitA                                       c:/ed/arduino-1.5.6-r2/hardware/tools/avr/bin/../lib/gcc/avr/4.3.2/../../../../avr/lib/avr5\libm.a(fp_split3.o)
                                                  c:/ed/arduino-1.5.6-r2/hardware/tools/avr/bin/../lib/gcc/avr/4.3.2/../../../../avr/lib/avr5\libm.a(fixunssfsi.o)
__fp_szero                                        c:/ed/arduino-1.5.6-r2/hardware/tools/avr/bin/../lib/gcc/avr/4.3.2/../../../../avr/lib/avr5\libm.a(fp_zero.o)
                                                  c:/ed/arduino-1.5.6-r2/hardware/tools/avr/bin/../lib/gcc/avr/4.3.2/../../../../avr/lib/avr5\libm.a(mulsf3x.o)
                                                  c:/ed/arduino-1.5.6-r2/hardware/tools/avr/bin/../lib/gcc/avr/4.3.2/../../../../avr/lib/avr5\libm.a(fixsfsi.o)
                                                  c:/ed/arduino-1.5.6-r2/hardware/tools/avr/bin/../lib/gcc/avr/4.3.2/../../../../avr/lib/avr5\libm.a(divsf3x.o)
__fp_zero                                         c:/ed/arduino-1.5.6-r2/hardware/tools/avr/bin/../lib/gcc/avr/4.3.2/../../../../avr/lib/avr5\libm.a(fp_zero.o)
                                                  c:/ed/arduino-1.5.6-r2/hardware/tools/avr/bin/../lib/gcc/avr/4.3.2/../../../../avr/lib/avr5\libm.a(fixunssfsi.o)
                                                  c:/ed/arduino-1.5.6-r2/hardware/tools/avr/bin/../lib/gcc/avr/4.3.2/../../../../avr/lib/avr5\libm.a(addsf3x.o)
__ftoa_engine                                     c:/ed/arduino-1.5.6-r2/hardware/tools/avr/bin/../lib/gcc/avr/4.3.2/../../../../avr/lib/avr5\libc.a(ftoa_engine.o)
                                                  c:/ed/arduino-1.5.6-r2/hardware/tools/avr/bin/../lib/gcc/avr/4.3.2/../../../../avr/lib/avr5\libc.a(dtoa_prf.o)
__gesf2                                           c:/ed/arduino-1.5.6-r2/hardware/tools/avr/bin/../lib/gcc/avr/4.3.2/../../../../avr/lib/avr5\libm.a(gesf2.o)
__gtsf2                                           c:/ed/arduino-1.5.6-r2/hardware/tools/avr/bin/../lib/gcc/avr/4.3.2/../../../../avr/lib/avr5\libm.a(gesf2.o)
                                                  ./Arduino/Print.o
__heap_end                                        c:/ed/arduino-1.5.6-r2/hardware/tools/avr/bin/../lib/gcc/avr/4.3.2/../../../../avr/lib/avr5/crtm644p.o
                                                  ./Arduino/avr-libc/malloc.o
__heap_start                                      ./Arduino/avr-libc/malloc.o
__init                                            c:/ed/arduino-1.5.6-r2/hardware/tools/avr/bin/../lib/gcc/avr/4.3.2/../../../../avr/lib/avr5/crtm644p.o
__lesf2                                           c:/ed/arduino-1.5.6-r2/hardware/tools/avr/bin/../lib/gcc/avr/4.3.2/../../../../avr/lib/avr5\libm.a(cmpsf2.o)
                                                  ./Arduino/Print.o
__ltsf2                                           c:/ed/arduino-1.5.6-r2/hardware/tools/avr/bin/../lib/gcc/avr/4.3.2/../../../../avr/lib/avr5\libm.a(cmpsf2.o)
                                                  ./Arduino/Print.o
__malloc_heap_end                                 ./Arduino/avr-libc/malloc.o
                                                  ./Arduino/avr-libc/realloc.o
__malloc_heap_start                               ./Arduino/avr-libc/malloc.o
__malloc_margin                                   ./Arduino/avr-libc/malloc.o
                                                  ./Arduino/avr-libc/realloc.o
__mulsf3                                          c:/ed/arduino-1.5.6-r2/hardware/tools/avr/bin/../lib/gcc/avr/4.3.2/../../../../avr/lib/avr5\libm.a(mulsf3.o)
                                                  c:/ed/arduino-1.5.6-r2/hardware/tools/avr/bin/../lib/gcc/avr/4.3.2/../../../../avr/lib/avr5\libc.a(strtod.o)
                                                  ./Arduino/Stream.o
                                                  ./Arduino/Print.o
__mulsf3_pse                                      c:/ed/arduino-1.5.6-r2/hardware/tools/avr/bin/../lib/gcc/avr/4.3.2/../../../../avr/lib/avr5\libm.a(mulsf3x.o)
__mulsf3x                                         c:/ed/arduino-1.5.6-r2/hardware/tools/avr/bin/../lib/gcc/avr/4.3.2/../../../../avr/lib/avr5\libm.a(mulsf3x.o)
                                                  c:/ed/arduino-1.5.6-r2/hardware/tools/avr/bin/../lib/gcc/avr/4.3.2/../../../../avr/lib/avr5\libm.a(mulsf3.o)
__mulsi3                                          c:/ed/arduino-1.5.6-r2/hardware/tools/avr/bin/../lib/gcc/avr/4.3.2/avr5\libgcc.a(_mulsi3.o)
                                                  c:/ed/arduino-1.5.6-r2/hardware/tools/avr/bin/../lib/gcc/avr/4.3.2/../../../../avr/lib/avr5\libc.a(random.o)
                                                  ./Arduino/wiring_pulse.o
                                                  ./Arduino/WMath.o
                                                  ./Arduino/Tone.o
                                                  ./Arduino/Stream.o
                                                  ./Arduino/Print.o
__mulsi_const_10                                  c:/ed/arduino-1.5.6-r2/hardware/tools/avr/bin/../lib/gcc/avr/4.3.2/../../../../avr/lib/avr5\libc.a(mulsi10.o)
                                                  c:/ed/arduino-1.5.6-r2/hardware/tools/avr/bin/../lib/gcc/avr/4.3.2/../../../../avr/lib/avr5\libc.a(atol.o)
__nesf2                                           c:/ed/arduino-1.5.6-r2/hardware/tools/avr/bin/../lib/gcc/avr/4.3.2/../../../../avr/lib/avr5\libm.a(cmpsf2.o)
                                                  c:/ed/arduino-1.5.6-r2/hardware/tools/avr/bin/../lib/gcc/avr/4.3.2/../../../../avr/lib/avr5\libc.a(strtod.o)
__prologue_saves__                                c:/ed/arduino-1.5.6-r2/hardware/tools/avr/bin/../lib/gcc/avr/4.3.2/avr5\libgcc.a(_prologue.o)
                                                  c:/ed/arduino-1.5.6-r2/hardware/tools/avr/bin/../lib/gcc/avr/4.3.2/../../../../avr/lib/avr5\libc.a(strtod.o)
                                                  c:/ed/arduino-1.5.6-r2/hardware/tools/avr/bin/../lib/gcc/avr/4.3.2/../../../../avr/lib/avr5\libc.a(dtoa_prf.o)
                                                  c:/ed/arduino-1.5.6-r2/hardware/tools/avr/bin/../lib/gcc/avr/4.3.2/../../../../avr/lib/avr5\libc.a(random.o)
__stack                                           c:/ed/arduino-1.5.6-r2/hardware/tools/avr/bin/../lib/gcc/avr/4.3.2/../../../../avr/lib/avr5/crtm644p.o
__subsf3                                          c:/ed/arduino-1.5.6-r2/hardware/tools/avr/bin/../lib/gcc/avr/4.3.2/../../../../avr/lib/avr5\libm.a(addsf3.o)
                                                  ./Arduino/Print.o
__tablejump2__                                    c:/ed/arduino-1.5.6-r2/hardware/tools/avr/bin/../lib/gcc/avr/4.3.2/avr5\libgcc.a(_tablejump.o)
__tablejump__                                     c:/ed/arduino-1.5.6-r2/hardware/tools/avr/bin/../lib/gcc/avr/4.3.2/avr5\libgcc.a(_tablejump.o)
                                                  c:/ed/arduino-1.5.6-r2/hardware/tools/avr/bin/../lib/gcc/avr/4.3.2/avr5\libgcc.a(_ctors.o)
__udivmodhi4                                      c:/ed/arduino-1.5.6-r2/hardware/tools/avr/bin/../lib/gcc/avr/4.3.2/avr5\libgcc.a(_udivmodhi4.o)
                                                  c:/ed/arduino-1.5.6-r2/hardware/tools/avr/bin/../lib/gcc/avr/4.3.2/../../../../avr/lib/avr5\libc.a(utoa.o)
                                                  c:/ed/arduino-1.5.6-r2/hardware/tools/avr/bin/../lib/gcc/avr/4.3.2/../../../../avr/lib/avr5\libc.a(itoa.o)
__udivmodsi4                                      c:/ed/arduino-1.5.6-r2/hardware/tools/avr/bin/../lib/gcc/avr/4.3.2/avr5\libgcc.a(_udivmodsi4.o)
                                                  c:/ed/arduino-1.5.6-r2/hardware/tools/avr/bin/../lib/gcc/avr/4.3.2/../../../../avr/lib/avr5\libc.a(ultoa.o)
                                                  c:/ed/arduino-1.5.6-r2/hardware/tools/avr/bin/../lib/gcc/avr/4.3.2/../../../../avr/lib/avr5\libc.a(ltoa.o)
                                                  c:/ed/arduino-1.5.6-r2/hardware/tools/avr/bin/../lib/gcc/avr/4.3.2/avr5\libgcc.a(_divmodsi4.o)
                                                  ./Arduino/wiring_pulse.o
                                                  ./Arduino/Tone.o
                                                  ./Arduino/Print.o
                                                  ./Arduino/HardwareSerial.o
                                                  ./utility/Dhcp.o
__unordsf2                                        c:/ed/arduino-1.5.6-r2/hardware/tools/avr/bin/../lib/gcc/avr/4.3.2/../../../../avr/lib/avr5\libm.a(unordsf2.o)
                                                  ./Arduino/Print.o
__vector_1                                        ./Arduino/WInterrupts.o
                                                  c:/ed/arduino-1.5.6-r2/hardware/tools/avr/bin/../lib/gcc/avr/4.3.2/../../../../avr/lib/avr5/crtm644p.o
__vector_10                                       c:/ed/arduino-1.5.6-r2/hardware/tools/avr/bin/../lib/gcc/avr/4.3.2/../../../../avr/lib/avr5/crtm644p.o
__vector_11                                       c:/ed/arduino-1.5.6-r2/hardware/tools/avr/bin/../lib/gcc/avr/4.3.2/../../../../avr/lib/avr5/crtm644p.o
__vector_12                                       c:/ed/arduino-1.5.6-r2/hardware/tools/avr/bin/../lib/gcc/avr/4.3.2/../../../../avr/lib/avr5/crtm644p.o
__vector_13                                       c:/ed/arduino-1.5.6-r2/hardware/tools/avr/bin/../lib/gcc/avr/4.3.2/../../../../avr/lib/avr5/crtm644p.o
__vector_14                                       c:/ed/arduino-1.5.6-r2/hardware/tools/avr/bin/../lib/gcc/avr/4.3.2/../../../../avr/lib/avr5/crtm644p.o
__vector_15                                       c:/ed/arduino-1.5.6-r2/hardware/tools/avr/bin/../lib/gcc/avr/4.3.2/../../../../avr/lib/avr5/crtm644p.o
__vector_16                                       c:/ed/arduino-1.5.6-r2/hardware/tools/avr/bin/../lib/gcc/avr/4.3.2/../../../../avr/lib/avr5/crtm644p.o
__vector_17                                       c:/ed/arduino-1.5.6-r2/hardware/tools/avr/bin/../lib/gcc/avr/4.3.2/../../../../avr/lib/avr5/crtm644p.o
__vector_18                                       ./Arduino/wiring.o